Archive member included to satisfy reference by file (symbol)

C:/Renesas/RA/e2studio_v2024-01.1_fsp_v5.2.0/toolchains/gcc_arm/13.2.rel1/bin/../lib/gcc/arm-none-eabi/13.2.1/thumb/v8-m.main+dp/hard\libg_nano.a(libc_a-exit.o)
                              C:/Renesas/RA/e2studio_v2024-01.1_fsp_v5.2.0/toolchains/gcc_arm/13.2.rel1/bin/../lib/gcc/arm-none-eabi/13.2.1/thumb/v8-m.main+dp/hard/crt0.o (exit)
C:/Renesas/RA/e2studio_v2024-01.1_fsp_v5.2.0/toolchains/gcc_arm/13.2.rel1/bin/../lib/gcc/arm-none-eabi/13.2.1/thumb/v8-m.main+dp/hard\libg_nano.a(libc_a-findfp.o)
                              C:/Renesas/RA/e2studio_v2024-01.1_fsp_v5.2.0/toolchains/gcc_arm/13.2.rel1/bin/../lib/gcc/arm-none-eabi/13.2.1/thumb/v8-m.main+dp/hard\libg_nano.a(libc_a-exit.o) (__stdio_exit_handler)
C:/Renesas/RA/e2studio_v2024-01.1_fsp_v5.2.0/toolchains/gcc_arm/13.2.rel1/bin/../lib/gcc/arm-none-eabi/13.2.1/thumb/v8-m.main+dp/hard\libg_nano.a(libc_a-fwalk.o)
                              C:/Renesas/RA/e2studio_v2024-01.1_fsp_v5.2.0/toolchains/gcc_arm/13.2.rel1/bin/../lib/gcc/arm-none-eabi/13.2.1/thumb/v8-m.main+dp/hard\libg_nano.a(libc_a-findfp.o) (_fwalk_sglue)
C:/Renesas/RA/e2studio_v2024-01.1_fsp_v5.2.0/toolchains/gcc_arm/13.2.rel1/bin/../lib/gcc/arm-none-eabi/13.2.1/thumb/v8-m.main+dp/hard\libg_nano.a(libc_a-stdio.o)
                              C:/Renesas/RA/e2studio_v2024-01.1_fsp_v5.2.0/toolchains/gcc_arm/13.2.rel1/bin/../lib/gcc/arm-none-eabi/13.2.1/thumb/v8-m.main+dp/hard\libg_nano.a(libc_a-findfp.o) (__sread)
C:/Renesas/RA/e2studio_v2024-01.1_fsp_v5.2.0/toolchains/gcc_arm/13.2.rel1/bin/../lib/gcc/arm-none-eabi/13.2.1/thumb/v8-m.main+dp/hard\libg_nano.a(libc_a-memset.o)
                              C:/Renesas/RA/e2studio_v2024-01.1_fsp_v5.2.0/toolchains/gcc_arm/13.2.rel1/bin/../lib/gcc/arm-none-eabi/13.2.1/thumb/v8-m.main+dp/hard/crt0.o (memset)
C:/Renesas/RA/e2studio_v2024-01.1_fsp_v5.2.0/toolchains/gcc_arm/13.2.rel1/bin/../lib/gcc/arm-none-eabi/13.2.1/thumb/v8-m.main+dp/hard\libg_nano.a(libc_a-closer.o)
                              C:/Renesas/RA/e2studio_v2024-01.1_fsp_v5.2.0/toolchains/gcc_arm/13.2.rel1/bin/../lib/gcc/arm-none-eabi/13.2.1/thumb/v8-m.main+dp/hard\libg_nano.a(libc_a-stdio.o) (_close_r)
C:/Renesas/RA/e2studio_v2024-01.1_fsp_v5.2.0/toolchains/gcc_arm/13.2.rel1/bin/../lib/gcc/arm-none-eabi/13.2.1/thumb/v8-m.main+dp/hard\libg_nano.a(libc_a-reent.o)
                              C:/Renesas/RA/e2studio_v2024-01.1_fsp_v5.2.0/toolchains/gcc_arm/13.2.rel1/bin/../lib/gcc/arm-none-eabi/13.2.1/thumb/v8-m.main+dp/hard\libg_nano.a(libc_a-closer.o) (errno)
C:/Renesas/RA/e2studio_v2024-01.1_fsp_v5.2.0/toolchains/gcc_arm/13.2.rel1/bin/../lib/gcc/arm-none-eabi/13.2.1/thumb/v8-m.main+dp/hard\libg_nano.a(libc_a-impure.o)
                              C:/Renesas/RA/e2studio_v2024-01.1_fsp_v5.2.0/toolchains/gcc_arm/13.2.rel1/bin/../lib/gcc/arm-none-eabi/13.2.1/thumb/v8-m.main+dp/hard\libg_nano.a(libc_a-reent.o) (_impure_ptr)
C:/Renesas/RA/e2studio_v2024-01.1_fsp_v5.2.0/toolchains/gcc_arm/13.2.rel1/bin/../lib/gcc/arm-none-eabi/13.2.1/thumb/v8-m.main+dp/hard\libg_nano.a(libc_a-lseekr.o)
                              C:/Renesas/RA/e2studio_v2024-01.1_fsp_v5.2.0/toolchains/gcc_arm/13.2.rel1/bin/../lib/gcc/arm-none-eabi/13.2.1/thumb/v8-m.main+dp/hard\libg_nano.a(libc_a-stdio.o) (_lseek_r)
C:/Renesas/RA/e2studio_v2024-01.1_fsp_v5.2.0/toolchains/gcc_arm/13.2.rel1/bin/../lib/gcc/arm-none-eabi/13.2.1/thumb/v8-m.main+dp/hard\libg_nano.a(libc_a-readr.o)
                              C:/Renesas/RA/e2studio_v2024-01.1_fsp_v5.2.0/toolchains/gcc_arm/13.2.rel1/bin/../lib/gcc/arm-none-eabi/13.2.1/thumb/v8-m.main+dp/hard\libg_nano.a(libc_a-stdio.o) (_read_r)
C:/Renesas/RA/e2studio_v2024-01.1_fsp_v5.2.0/toolchains/gcc_arm/13.2.rel1/bin/../lib/gcc/arm-none-eabi/13.2.1/thumb/v8-m.main+dp/hard\libg_nano.a(libc_a-writer.o)
                              C:/Renesas/RA/e2studio_v2024-01.1_fsp_v5.2.0/toolchains/gcc_arm/13.2.rel1/bin/../lib/gcc/arm-none-eabi/13.2.1/thumb/v8-m.main+dp/hard\libg_nano.a(libc_a-stdio.o) (_write_r)
C:/Renesas/RA/e2studio_v2024-01.1_fsp_v5.2.0/toolchains/gcc_arm/13.2.rel1/bin/../lib/gcc/arm-none-eabi/13.2.1/thumb/v8-m.main+dp/hard\libg_nano.a(libc_a-errno.o)
                              ./ra/fsp/src/bsp/mcu/all/bsp_sbrk.o (__errno)
C:/Renesas/RA/e2studio_v2024-01.1_fsp_v5.2.0/toolchains/gcc_arm/13.2.rel1/bin/../lib/gcc/arm-none-eabi/13.2.1/thumb/v8-m.main+dp/hard\libg_nano.a(libc_a-init.o)
                              C:/Renesas/RA/e2studio_v2024-01.1_fsp_v5.2.0/toolchains/gcc_arm/13.2.rel1/bin/../lib/gcc/arm-none-eabi/13.2.1/thumb/v8-m.main+dp/hard/crt0.o (__libc_init_array)
C:/Renesas/RA/e2studio_v2024-01.1_fsp_v5.2.0/toolchains/gcc_arm/13.2.rel1/bin/../lib/gcc/arm-none-eabi/13.2.1/thumb/v8-m.main+dp/hard\libg_nano.a(libc_a-lock.o)
[...]
Memory Configuration

Name             Origin             Length             Attributes
ITCM             0x00000000         0x00010000         xr
DTCM             0x20000000         0x00010000         xrw
FLASH            0x02000000         0x001f8000         xr
RAM              0x22000000         0x000e0000         xrw
DATA_FLASH       0x27000000         0x00003000         xr
QSPI_FLASH       0x60000000         0x00000000         xr
OSPI_DEVICE_0    0x80000000         0x10000000         xr
OSPI_DEVICE_1    0x90000000         0x10000000         xr
OSPI_DEVICE_0_RAM 0x80000000         0x10000000         xrw
OSPI_DEVICE_1_RAM 0x90000000         0x10000000         xrw
SDRAM            0x68000000         0x08000000         xrw
OPTION_SETTING   0x0300a100         0x00000100         r
OPTION_SETTING_OFS 0x0300a100         0x00000018         r
OPTION_SETTING_SAS 0x0300a134         0x000000cc         r
OPTION_SETTING_S 0x0300a200         0x00000100         r
OPTION_SETTING_DATA_FLASH_S 0x27030080         0x00000800         r
ID_CODE          0x00000000         0x00000000         xr
*default*        0x00000000         0xffffffff

Linker script and memory map

LOAD C:/Renesas/RA/e2studio_v2024-01.1_fsp_v5.2.0/toolchains/gcc_arm/13.2.rel1/bin/../lib/gcc/arm-none-eabi/13.2.1/thumb/v8-m.main+dp/hard/crti.o
LOAD C:/Renesas/RA/e2studio_v2024-01.1_fsp_v5.2.0/toolchains/gcc_arm/13.2.rel1/bin/../lib/gcc/arm-none-eabi/13.2.1/thumb/v8-m.main+dp/hard/crtbegin.o
LOAD C:/Renesas/RA/e2studio_v2024-01.1_fsp_v5.2.0/toolchains/gcc_arm/13.2.rel1/bin/../lib/gcc/arm-none-eabi/13.2.1/thumb/v8-m.main+dp/hard/crt0.o
START GROUP
LOAD ./src/hal_entry.o
LOAD ./ra_gen/common_data.o
LOAD ./ra_gen/hal_data.o
LOAD ./ra_gen/main.o
LOAD ./ra_gen/pin_data.o
LOAD ./ra_gen/vector_data.o
LOAD ./ra/fsp/src/r_ioport/r_ioport.o
LOAD ./ra/fsp/src/r_i3c/r_i3c.o
LOAD ./ra/fsp/src/r_adc/r_adc.o
LOAD ./ra/fsp/src/bsp/mcu/all/bsp_clocks.o
LOAD ./ra/fsp/src/bsp/mcu/all/bsp_common.o
LOAD ./ra/fsp/src/bsp/mcu/all/bsp_delay.o
LOAD ./ra/fsp/src/bsp/mcu/all/bsp_group_irq.o
LOAD ./ra/fsp/src/bsp/mcu/all/bsp_guard.o
LOAD ./ra/fsp/src/bsp/mcu/all/bsp_io.o
LOAD ./ra/fsp/src/bsp/mcu/all/bsp_irq.o
LOAD ./ra/fsp/src/bsp/mcu/all/bsp_macl.o
LOAD ./ra/fsp/src/bsp/mcu/all/bsp_register_protection.o
LOAD ./ra/fsp/src/bsp/mcu/all/bsp_rom_registers.o
LOAD ./ra/fsp/src/bsp/mcu/all/bsp_sbrk.o
LOAD ./ra/fsp/src/bsp/mcu/all/bsp_security.o
LOAD ./ra/fsp/src/bsp/cmsis/Device/RENESAS/Source/startup.o
LOAD ./ra/fsp/src/bsp/cmsis/Device/RENESAS/Source/system.o
LOAD ./ra/board/ra8m1_ek/board_init.o
LOAD ./ra/board/ra8m1_ek/board_leds.o
LOAD ./mtk3_bsp2/sysdepend/stm32_cube/lib/libtm/nucleo_stm32l4r5/tm_com.o
LOAD ./mtk3_bsp2/sysdepend/stm32_cube/lib/libtm/nucleo_stm32l476/tm_com.o
LOAD ./mtk3_bsp2/sysdepend/stm32_cube/lib/libtm/nucleo_stm32h723/tm_com.o
LOAD ./mtk3_bsp2/sysdepend/stm32_cube/lib/libtm/nucleo_stm32g491/tm_com.o
LOAD ./mtk3_bsp2/sysdepend/stm32_cube/lib/libtm/nucleo_stm32g431/tm_com.o
LOAD ./mtk3_bsp2/sysdepend/stm32_cube/lib/libtm/nucleo_stm32f767/tm_com.o
LOAD ./mtk3_bsp2/sysdepend/stm32_cube/lib/libtm/nucleo_stm32f446/tm_com.o
LOAD ./mtk3_bsp2/sysdepend/stm32_cube/lib/libtm/nucleo_stm32f411/tm_com.o
LOAD ./mtk3_bsp2/sysdepend/stm32_cube/lib/libtm/nucleo_stm32f401/tm_com.o
LOAD ./mtk3_bsp2/sysdepend/stm32_cube/lib/libtk/cpu/stm32l4/int_stm32l4.o
LOAD ./mtk3_bsp2/sysdepend/stm32_cube/lib/libtk/cpu/stm32l4/ptimer_stm32l4.o
LOAD ./mtk3_bsp2/sysdepend/stm32_cube/lib/libtk/cpu/stm32h7/int_stm32h7.o
LOAD ./mtk3_bsp2/sysdepend/stm32_cube/lib/libtk/cpu/stm32h7/ptimer_stm32h7.o
LOAD ./mtk3_bsp2/sysdepend/stm32_cube/lib/libtk/cpu/stm32g4/int_stm32g4.o
LOAD ./mtk3_bsp2/sysdepend/stm32_cube/lib/libtk/cpu/stm32g4/ptimer_stm32g4.o
LOAD ./mtk3_bsp2/sysdepend/stm32_cube/lib/libtk/cpu/stm32f7/int_stm32f7.o
LOAD ./mtk3_bsp2/sysdepend/stm32_cube/lib/libtk/cpu/stm32f7/ptimer_stm32f7.o
LOAD ./mtk3_bsp2/sysdepend/stm32_cube/lib/libtk/cpu/stm32f4/int_stm32f4.o
LOAD ./mtk3_bsp2/sysdepend/stm32_cube/lib/libtk/cpu/stm32f4/ptimer_stm32f4.o
LOAD ./mtk3_bsp2/sysdepend/stm32_cube/lib/libtk/cpu/core/armv7m/int_armv7m.o
LOAD ./mtk3_bsp2/sysdepend/stm32_cube/lib/libtk/cpu/core/armv7m/wusec_armv7m.o
LOAD ./mtk3_bsp2/sysdepend/stm32_cube/lib/libtk/ptimer_stm32.o
LOAD ./mtk3_bsp2/sysdepend/stm32_cube/device/hal_i2c/hal_i2c.o
LOAD ./mtk3_bsp2/sysdepend/stm32_cube/device/hal_adc/sysdepend/hal_adc_stm32f4.o
LOAD ./mtk3_bsp2/sysdepend/stm32_cube/device/hal_adc/sysdepend/hal_adc_stm32f7.o
LOAD ./mtk3_bsp2/sysdepend/stm32_cube/device/hal_adc/sysdepend/hal_adc_stm32g4.o
LOAD ./mtk3_bsp2/sysdepend/stm32_cube/device/hal_adc/sysdepend/hal_adc_stm32h7.o
LOAD ./mtk3_bsp2/sysdepend/stm32_cube/device/hal_adc/sysdepend/hal_adc_stm32l4.o
LOAD ./mtk3_bsp2/sysdepend/stm32_cube/device/hal_adc/hal_adc.o
LOAD ./mtk3_bsp2/sysdepend/stm32_cube/cpu/core/armv7m/cpu_cntl.o
LOAD ./mtk3_bsp2/sysdepend/stm32_cube/cpu/core/armv7m/dispatch.o
LOAD ./mtk3_bsp2/sysdepend/stm32_cube/cpu/core/armv7m/interrupt.o
LOAD ./mtk3_bsp2/sysdepend/stm32_cube/cpu/core/armv7m/sys_start.o
LOAD ./mtk3_bsp2/sysdepend/stm32_cube/devinit.o
LOAD ./mtk3_bsp2/sysdepend/stm32_cube/hw_setting.o
LOAD ./mtk3_bsp2/sysdepend/stm32_cube/power_save.o
LOAD ./mtk3_bsp2/sysdepend/ra_fsp/lib/libtm/ek_ra8m1/tm_com.o
LOAD ./mtk3_bsp2/sysdepend/ra_fsp/lib/libtm/ek_ra6m3/tm_com.o
LOAD ./mtk3_bsp2/sysdepend/ra_fsp/lib/libtm/arduino_unor4/tm_com.o
LOAD ./mtk3_bsp2/sysdepend/ra_fsp/lib/libtk/cpu/core/armv8m/int_armv8m.o
LOAD ./mtk3_bsp2/sysdepend/ra_fsp/lib/libtk/cpu/core/armv8m/wusec_armv8m.o
LOAD ./mtk3_bsp2/sysdepend/ra_fsp/lib/libtk/cpu/core/armv7m/int_armv7m.o
LOAD ./mtk3_bsp2/sysdepend/ra_fsp/lib/libtk/cpu/core/armv7m/wusec_armv7m.o
LOAD ./mtk3_bsp2/sysdepend/ra_fsp/device/hal_sci_i2c/hal_sci_i2c.o
LOAD ./mtk3_bsp2/sysdepend/ra_fsp/device/hal_i3c_i2c/hal_i3c_i2c.o
LOAD ./mtk3_bsp2/sysdepend/ra_fsp/device/hal_i2c/hal_i2c.o
LOAD ./mtk3_bsp2/sysdepend/ra_fsp/device/hal_adc/hal_adc.o
LOAD ./mtk3_bsp2/sysdepend/ra_fsp/cpu/core/armv8m/cpu_cntl.o
LOAD ./mtk3_bsp2/sysdepend/ra_fsp/cpu/core/armv8m/dispatch.o
LOAD ./mtk3_bsp2/sysdepend/ra_fsp/cpu/core/armv8m/exc_hdr.o
LOAD ./mtk3_bsp2/sysdepend/ra_fsp/cpu/core/armv8m/interrupt.o
LOAD ./mtk3_bsp2/sysdepend/ra_fsp/cpu/core/armv8m/sys_start.o
LOAD ./mtk3_bsp2/sysdepend/ra_fsp/cpu/core/armv7m/cpu_cntl.o
LOAD ./mtk3_bsp2/sysdepend/ra_fsp/cpu/core/armv7m/dispatch.o
LOAD ./mtk3_bsp2/sysdepend/ra_fsp/cpu/core/armv7m/interrupt.o
LOAD ./mtk3_bsp2/sysdepend/ra_fsp/cpu/core/armv7m/sys_start.o
LOAD ./mtk3_bsp2/sysdepend/ra_fsp/devinit.o
LOAD ./mtk3_bsp2/sysdepend/ra_fsp/hw_setting.o
LOAD ./mtk3_bsp2/sysdepend/ra_fsp/power_save.o
LOAD ./mtk3_bsp2/sysdepend/nxp_mcux/lib/libtm/frdm_mcxn947/tm_com.o
LOAD ./mtk3_bsp2/sysdepend/nxp_mcux/lib/libtm/evk_lpc55s69/tm_com.o
LOAD ./mtk3_bsp2/sysdepend/nxp_mcux/lib/libtk/cpu/core/armv8m/int_armv8m.o
LOAD ./mtk3_bsp2/sysdepend/nxp_mcux/lib/libtk/cpu/core/armv8m/wusec_armv8m.o
LOAD ./mtk3_bsp2/sysdepend/nxp_mcux/device/hal_lpi2c/hal_lpi2c.o
LOAD ./mtk3_bsp2/sysdepend/nxp_mcux/device/hal_adc/hal_adc.o
LOAD ./mtk3_bsp2/sysdepend/nxp_mcux/cpu/core/armv8m/cpu_cntl.o
LOAD ./mtk3_bsp2/sysdepend/nxp_mcux/cpu/core/armv8m/dispatch.o
LOAD ./mtk3_bsp2/sysdepend/nxp_mcux/cpu/core/armv8m/interrupt.o
LOAD ./mtk3_bsp2/sysdepend/nxp_mcux/cpu/core/armv8m/sys_start.o
LOAD ./mtk3_bsp2/sysdepend/nxp_mcux/devinit.o
LOAD ./mtk3_bsp2/sysdepend/nxp_mcux/hw_setting.o
LOAD ./mtk3_bsp2/sysdepend/nxp_mcux/power_save.o
LOAD ./mtk3_bsp2/mtkernel/lib/libtm/sysdepend/no_device/tm_com.o
LOAD ./mtk3_bsp2/mtkernel/lib/libtm/sysdepend/iote_stm32l4/tm_com.o
LOAD ./mtk3_bsp2/mtkernel/lib/libtm/sysdepend/iote_rza2m/tm_com.o
LOAD ./mtk3_bsp2/mtkernel/lib/libtm/sysdepend/iote_rx231/tm_com.o
LOAD ./mtk3_bsp2/mtkernel/lib/libtm/sysdepend/iote_m367/tm_com.o
LOAD ./mtk3_bsp2/mtkernel/lib/libtm/libtm.o
LOAD ./mtk3_bsp2/mtkernel/lib/libtm/libtm_printf.o
LOAD ./mtk3_bsp2/mtkernel/lib/libtk/sysdepend/cpu/tx03_m367/int_m367.o
LOAD ./mtk3_bsp2/mtkernel/lib/libtk/sysdepend/cpu/tx03_m367/ptimer_m367.o
LOAD ./mtk3_bsp2/mtkernel/lib/libtk/sysdepend/cpu/stm32l4/int_stm32l4.o
LOAD ./mtk3_bsp2/mtkernel/lib/libtk/sysdepend/cpu/stm32l4/ptimer_stm32l4.o
LOAD ./mtk3_bsp2/mtkernel/lib/libtk/sysdepend/cpu/stm32h7/int_stm32h7.o
LOAD ./mtk3_bsp2/mtkernel/lib/libtk/sysdepend/cpu/stm32h7/ptimer_stm32h7.o
LOAD ./mtk3_bsp2/mtkernel/lib/libtk/sysdepend/cpu/rza2m/ptimer_rza2m.o
LOAD ./mtk3_bsp2/mtkernel/lib/libtk/sysdepend/cpu/rx65n/int_rx65n.o
LOAD ./mtk3_bsp2/mtkernel/lib/libtk/sysdepend/cpu/rx65n/ipr_rx65n.o
LOAD ./mtk3_bsp2/mtkernel/lib/libtk/sysdepend/cpu/rx65n/ptimer_rx65n.o
LOAD ./mtk3_bsp2/mtkernel/lib/libtk/sysdepend/cpu/rx231/int_rx231.o
LOAD ./mtk3_bsp2/mtkernel/lib/libtk/sysdepend/cpu/rx231/ipr_rx231.o
LOAD ./mtk3_bsp2/mtkernel/lib/libtk/sysdepend/cpu/rx231/ptimer_rx231.o
LOAD ./mtk3_bsp2/mtkernel/lib/libtk/sysdepend/cpu/core/rxv2/int_rxv2.o
LOAD ./mtk3_bsp2/mtkernel/lib/libtk/sysdepend/cpu/core/rxv2/wusec_rvx2.o
LOAD ./mtk3_bsp2/mtkernel/lib/libtk/sysdepend/cpu/core/armv7m/int_armv7m.o
LOAD ./mtk3_bsp2/mtkernel/lib/libtk/sysdepend/cpu/core/armv7m/wusec_armv7m.o
LOAD ./mtk3_bsp2/mtkernel/lib/libtk/sysdepend/cpu/core/armv7a/int_armv7a.o
LOAD ./mtk3_bsp2/mtkernel/lib/libtk/sysdepend/cpu/core/armv7a/wusec_armv7a.o
LOAD ./mtk3_bsp2/mtkernel/lib/libtk/fastlock.o
LOAD ./mtk3_bsp2/mtkernel/lib/libtk/fastmlock.o
LOAD ./mtk3_bsp2/mtkernel/lib/libtk/kmalloc.o
LOAD ./mtk3_bsp2/mtkernel/kernel/usermain/usermain.o
LOAD ./mtk3_bsp2/mtkernel/kernel/tstdlib/bitop.o
LOAD ./mtk3_bsp2/mtkernel/kernel/tstdlib/string.o
LOAD ./mtk3_bsp2/mtkernel/kernel/tkernel/cpuctl.o
LOAD ./mtk3_bsp2/mtkernel/kernel/tkernel/device.o
LOAD ./mtk3_bsp2/mtkernel/kernel/tkernel/deviceio.o
LOAD ./mtk3_bsp2/mtkernel/kernel/tkernel/eventflag.o
LOAD ./mtk3_bsp2/mtkernel/kernel/tkernel/int.o
LOAD ./mtk3_bsp2/mtkernel/kernel/tkernel/klock.o
LOAD ./mtk3_bsp2/mtkernel/kernel/tkernel/mailbox.o
LOAD ./mtk3_bsp2/mtkernel/kernel/tkernel/memory.o
LOAD ./mtk3_bsp2/mtkernel/kernel/tkernel/mempfix.o
LOAD ./mtk3_bsp2/mtkernel/kernel/tkernel/mempool.o
LOAD ./mtk3_bsp2/mtkernel/kernel/tkernel/messagebuf.o
LOAD ./mtk3_bsp2/mtkernel/kernel/tkernel/misc_calls.o
LOAD ./mtk3_bsp2/mtkernel/kernel/tkernel/mutex.o
LOAD ./mtk3_bsp2/mtkernel/kernel/tkernel/objname.o
LOAD ./mtk3_bsp2/mtkernel/kernel/tkernel/power.o
LOAD ./mtk3_bsp2/mtkernel/kernel/tkernel/rendezvous.o
LOAD ./mtk3_bsp2/mtkernel/kernel/tkernel/semaphore.o
LOAD ./mtk3_bsp2/mtkernel/kernel/tkernel/task.o
LOAD ./mtk3_bsp2/mtkernel/kernel/tkernel/task_manage.o
LOAD ./mtk3_bsp2/mtkernel/kernel/tkernel/task_sync.o
LOAD ./mtk3_bsp2/mtkernel/kernel/tkernel/time_calls.o
LOAD ./mtk3_bsp2/mtkernel/kernel/tkernel/timer.o
LOAD ./mtk3_bsp2/mtkernel/kernel/tkernel/tkinit.o
LOAD ./mtk3_bsp2/mtkernel/kernel/tkernel/wait.o
LOAD ./mtk3_bsp2/mtkernel/kernel/sysinit/sysinit.o
LOAD ./mtk3_bsp2/mtkernel/kernel/sysdepend/iote_stm32l4/cpu_clock.o
LOAD ./mtk3_bsp2/mtkernel/kernel/sysdepend/iote_stm32l4/devinit.o
LOAD ./mtk3_bsp2/mtkernel/kernel/sysdepend/iote_stm32l4/hw_setting.o
LOAD ./mtk3_bsp2/mtkernel/kernel/sysdepend/iote_stm32l4/power_save.o
LOAD ./mtk3_bsp2/mtkernel/kernel/sysdepend/iote_rza2m/cpu_clock.o
LOAD ./mtk3_bsp2/mtkernel/kernel/sysdepend/iote_rza2m/devinit.o
LOAD ./mtk3_bsp2/mtkernel/kernel/sysdepend/iote_rza2m/hw_setting.o
LOAD ./mtk3_bsp2/mtkernel/kernel/sysdepend/iote_rza2m/power_save.o
LOAD ./mtk3_bsp2/mtkernel/kernel/sysdepend/iote_rx231/cpu_clock.o
LOAD ./mtk3_bsp2/mtkernel/kernel/sysdepend/iote_rx231/devinit.o
LOAD ./mtk3_bsp2/mtkernel/kernel/sysdepend/iote_rx231/hw_setting.o
LOAD ./mtk3_bsp2/mtkernel/kernel/sysdepend/iote_rx231/power_save.o
LOAD ./mtk3_bsp2/mtkernel/kernel/sysdepend/iote_m367/cpu_clock.o
LOAD ./mtk3_bsp2/mtkernel/kernel/sysdepend/iote_m367/devinit.o
LOAD ./mtk3_bsp2/mtkernel/kernel/sysdepend/iote_m367/hw_setting.o
LOAD ./mtk3_bsp2/mtkernel/kernel/sysdepend/iote_m367/power_save.o
LOAD ./mtk3_bsp2/mtkernel/kernel/sysdepend/cpu/tx03_m367/vector_tbl.o
LOAD ./mtk3_bsp2/mtkernel/kernel/sysdepend/cpu/stm32l4/vector_tbl.o
LOAD ./mtk3_bsp2/mtkernel/kernel/sysdepend/cpu/stm32h7/vector_tbl.o
LOAD ./mtk3_bsp2/mtkernel/kernel/sysdepend/cpu/rza2m/sf_boot.o
LOAD ./mtk3_bsp2/mtkernel/kernel/sysdepend/cpu/rza2m/ttb_ini.o
LOAD ./mtk3_bsp2/mtkernel/kernel/sysdepend/cpu/rx65n/group_int.o
LOAD ./mtk3_bsp2/mtkernel/kernel/sysdepend/cpu/rx65n/hllint_ent.o
LOAD ./mtk3_bsp2/mtkernel/kernel/sysdepend/cpu/rx65n/hllint_tbl.o
LOAD ./mtk3_bsp2/mtkernel/kernel/sysdepend/cpu/rx65n/intvect_tbl.o
LOAD ./mtk3_bsp2/mtkernel/kernel/sysdepend/cpu/rx231/hllint_ent.o
LOAD ./mtk3_bsp2/mtkernel/kernel/sysdepend/cpu/rx231/hllint_tbl.o
LOAD ./mtk3_bsp2/mtkernel/kernel/sysdepend/cpu/rx231/intvect_tbl.o
LOAD ./mtk3_bsp2/mtkernel/kernel/sysdepend/cpu/core/rxv2/cpu_cntl.o
LOAD ./mtk3_bsp2/mtkernel/kernel/sysdepend/cpu/core/rxv2/dispatch.o
LOAD ./mtk3_bsp2/mtkernel/kernel/sysdepend/cpu/core/rxv2/exc_hdr.o
LOAD ./mtk3_bsp2/mtkernel/kernel/sysdepend/cpu/core/rxv2/int_asm.o
LOAD ./mtk3_bsp2/mtkernel/kernel/sysdepend/cpu/core/rxv2/interrupt.o
LOAD ./mtk3_bsp2/mtkernel/kernel/sysdepend/cpu/core/rxv2/reset_hdl.o
LOAD ./mtk3_bsp2/mtkernel/kernel/sysdepend/cpu/core/rxv2/reset_main.o
LOAD ./mtk3_bsp2/mtkernel/kernel/sysdepend/cpu/core/rxv2/vector_tbl.o
LOAD ./mtk3_bsp2/mtkernel/kernel/sysdepend/cpu/core/armv7m/cpu_cntl.o
LOAD ./mtk3_bsp2/mtkernel/kernel/sysdepend/cpu/core/armv7m/dispatch.o
LOAD ./mtk3_bsp2/mtkernel/kernel/sysdepend/cpu/core/armv7m/exc_hdr.o
LOAD ./mtk3_bsp2/mtkernel/kernel/sysdepend/cpu/core/armv7m/interrupt.o
LOAD ./mtk3_bsp2/mtkernel/kernel/sysdepend/cpu/core/armv7m/reset_hdl.o
LOAD ./mtk3_bsp2/mtkernel/kernel/sysdepend/cpu/core/armv7a/cpu_cntl.o
LOAD ./mtk3_bsp2/mtkernel/kernel/sysdepend/cpu/core/armv7a/dispatch.o
LOAD ./mtk3_bsp2/mtkernel/kernel/sysdepend/cpu/core/armv7a/exc_entry.o
LOAD ./mtk3_bsp2/mtkernel/kernel/sysdepend/cpu/core/armv7a/exc_hdl.o
LOAD ./mtk3_bsp2/mtkernel/kernel/sysdepend/cpu/core/armv7a/int_asm.o
LOAD ./mtk3_bsp2/mtkernel/kernel/sysdepend/cpu/core/armv7a/interrupt.o
LOAD ./mtk3_bsp2/mtkernel/kernel/sysdepend/cpu/core/armv7a/reset_hdl.o
LOAD ./mtk3_bsp2/mtkernel/kernel/sysdepend/cpu/core/armv7a/reset_main.o
LOAD ./mtk3_bsp2/mtkernel/kernel/sysdepend/cpu/core/armv7a/vector_tbl.o
LOAD ./mtk3_bsp2/mtkernel/kernel/inittask/inittask.o
LOAD ./mtk3_bsp2/mtkernel/device/ser/sysdepend/tx03_m367/ser_m367.o
LOAD ./mtk3_bsp2/mtkernel/device/ser/sysdepend/stm32l4/ser_stm32l4.o
LOAD ./mtk3_bsp2/mtkernel/device/ser/sysdepend/stm32h7/ser_stm32h7.o
LOAD ./mtk3_bsp2/mtkernel/device/ser/sysdepend/rza2m/ser_rza2m.o
LOAD ./mtk3_bsp2/mtkernel/device/ser/sysdepend/rx65n/ser_rx65n.o
LOAD ./mtk3_bsp2/mtkernel/device/ser/sysdepend/rx231/ser_rx231.o
LOAD ./mtk3_bsp2/mtkernel/device/ser/ser.o
LOAD ./mtk3_bsp2/mtkernel/device/i2c/sysdepend/tx03_m367/i2c_m367.o
LOAD ./mtk3_bsp2/mtkernel/device/i2c/sysdepend/stm32l4/i2c_stm32l4.o
LOAD ./mtk3_bsp2/mtkernel/device/i2c/sysdepend/stm32h7/i2c_stm32h7.o
LOAD ./mtk3_bsp2/mtkernel/device/i2c/sysdepend/rza2m/i2c_rza2m.o
LOAD ./mtk3_bsp2/mtkernel/device/i2c/sysdepend/rx65n/i2c_rx65n.o
LOAD ./mtk3_bsp2/mtkernel/device/i2c/sysdepend/rx231/i2c_rx231.o
LOAD ./mtk3_bsp2/mtkernel/device/i2c/i2c.o
LOAD ./mtk3_bsp2/mtkernel/device/common/drvif/msdrvif.o
LOAD ./mtk3_bsp2/mtkernel/device/adc/sysdepend/tx03_m367/adc_m367.o
LOAD ./mtk3_bsp2/mtkernel/device/adc/sysdepend/stm32l4/adc_stm32l4.o
LOAD ./mtk3_bsp2/mtkernel/device/adc/sysdepend/stm32h7/adc_stm32h7.o
LOAD ./mtk3_bsp2/mtkernel/device/adc/sysdepend/rza2m/adc_rza2m.o
LOAD ./mtk3_bsp2/mtkernel/device/adc/sysdepend/rx65n/adc_rx65n.o
LOAD ./mtk3_bsp2/mtkernel/device/adc/sysdepend/rx231/adc_rx231.o
LOAD ./mtk3_bsp2/mtkernel/device/adc/adc.o
LOAD ./Application/app_main.o
LOAD ./Application/control_press.o
LOAD ./Application/control_temp.o
LOAD ./Application/data.o
LOAD ./Application/exec.o
LOAD ./Application/measure.o
LOAD ./Application/super.o
END GROUP
START GROUP
LOAD C:/Renesas/RA/e2studio_v2024-01.1_fsp_v5.2.0/toolchains/gcc_arm/13.2.rel1/bin/../lib/gcc/arm-none-eabi/13.2.1/thumb/v8-m.main+dp/hard\libgcc.a
LOAD C:/Renesas/RA/e2studio_v2024-01.1_fsp_v5.2.0/toolchains/gcc_arm/13.2.rel1/bin/../lib/gcc/arm-none-eabi/13.2.1/thumb/v8-m.main+dp/hard\libg_nano.a
LOAD C:/Renesas/RA/e2studio_v2024-01.1_fsp_v5.2.0/toolchains/gcc_arm/13.2.rel1/bin/../lib/gcc/arm-none-eabi/13.2.1/thumb/v8-m.main+dp/hard\libc_nano.a
END GROUP
START GROUP
LOAD C:/Renesas/RA/e2studio_v2024-01.1_fsp_v5.2.0/toolchains/gcc_arm/13.2.rel1/bin/../lib/gcc/arm-none-eabi/13.2.1/thumb/v8-m.main+dp/hard\libgcc.a
LOAD C:/Renesas/RA/e2studio_v2024-01.1_fsp_v5.2.0/toolchains/gcc_arm/13.2.rel1/bin/../lib/gcc/arm-none-eabi/13.2.1/thumb/v8-m.main+dp/hard\libc_nano.a
END GROUP
LOAD C:/Renesas/RA/e2studio_v2024-01.1_fsp_v5.2.0/toolchains/gcc_arm/13.2.rel1/bin/../lib/gcc/arm-none-eabi/13.2.1/thumb/v8-m.main+dp/hard/crtend.o
LOAD C:/Renesas/RA/e2studio_v2024-01.1_fsp_v5.2.0/toolchains/gcc_arm/13.2.rel1/bin/../lib/gcc/arm-none-eabi/13.2.1/thumb/v8-m.main+dp/hard/crtn.o
                0x22000000                        RAM_START = 0x22000000
                0x000e0000                        RAM_LENGTH = 0xe0000
                0x02000000                        FLASH_START = 0x2000000
                0x001f8000                        FLASH_LENGTH = 0x1f8000
                0x27000000                        DATA_FLASH_START = 0x27000000
                0x00003000                        DATA_FLASH_LENGTH = 0x3000
                0x0300a100                        OPTION_SETTING_START = 0x300a100
                0x00000100                        OPTION_SETTING_LENGTH = 0x100
                0x0300a200                        OPTION_SETTING_S_START = 0x300a200
                0x00000100                        OPTION_SETTING_S_LENGTH = 0x100
                0x27030080                        OPTION_SETTING_DATA_FLASH_S_START = 0x27030080
                0x00000800                        OPTION_SETTING_DATA_FLASH_S_LENGTH = 0x800
                0x00000000                        ID_CODE_START = 0x0
                0x00000000                        ID_CODE_LENGTH = 0x0
                0x68000000                        SDRAM_START = 0x68000000
                0x08000000                        SDRAM_LENGTH = 0x8000000
                0x60000000                        QSPI_FLASH_START = 0x60000000
                0x00000000                        QSPI_FLASH_LENGTH = 0x0
                0x80000000                        OSPI_DEVICE_0_START = 0x80000000
                0x10000000                        OSPI_DEVICE_0_LENGTH = 0x10000000
                0x90000000                        OSPI_DEVICE_1_START = 0x90000000
                0x10000000                        OSPI_DEVICE_1_LENGTH = 0x10000000
                0x00000000                        ITCM_START = 0x0
                0x00010000                        ITCM_LENGTH = 0x10000
                0x20000000                        DTCM_START = 0x20000000
                0x00010000                        DTCM_LENGTH = 0x10000
                0x10000000                        NS_OFFSET_START = 0x10000000
                0x00000000                        NS_OFFSET_LENGTH = 0x0
                0x00000000                        QSPI_FLASH_PRV_LENGTH = DEFINED (QSPI_FLASH_SIZE)?ABSOLUTE (QSPI_FLASH_SIZE):ABSOLUTE (QSPI_FLASH_LENGTH)
                0x10000000                        OSPI_DEVICE_0_PRV_LENGTH = DEFINED (OSPI_DEVICE_0_SIZE)?ABSOLUTE (OSPI_DEVICE_0_SIZE):ABSOLUTE (OSPI_DEVICE_0_LENGTH)
                0x10000000                        OSPI_DEVICE_1_PRV_LENGTH = DEFINED (OSPI_DEVICE_1_SIZE)?ABSOLUTE (OSPI_DEVICE_1_SIZE):ABSOLUTE (OSPI_DEVICE_1_LENGTH)
                0x00000000                        __RESERVE_NS_RAM = ((! (DEFINED (PROJECT_NONSECURE)) && DEFINED (RAM_NS_BUFFER_LENGTH)) && (OPTION_SETTING_S_LENGTH != 0x0))
                0x00000000                        ITCM_START = DEFINED (ITCM_START)?ITCM_START:0x0
                0x00010000                        ITCM_LENGTH = DEFINED (ITCM_LENGTH)?ITCM_LENGTH:0x0
                0x20000000                        DTCM_START = DEFINED (DTCM_START)?DTCM_START:0x0
                0x00010000                        DTCM_LENGTH = DEFINED (DTCM_LENGTH)?DTCM_LENGTH:0x0
                0x00000000                        RAM_NS_BUFFER_BLOCK_LENGTH = DEFINED (RAM_NS_BUFFER_LENGTH)?ALIGN (RAM_NS_BUFFER_LENGTH, 0x2000):0x0
                0x00000000                        RAM_NS_BUFFER_LENGTH = DEFINED (RAM_NS_BUFFER_LENGTH)?RAM_NS_BUFFER_LENGTH:0x0
                0x220e0000                        RAM_NS_BUFFER_START = ((RAM_START + RAM_LENGTH) - RAM_NS_BUFFER_LENGTH)
                0x220e0000                        RAM_NS_BUFFER_BLOCK_START = ((RAM_START + RAM_LENGTH) - RAM_NS_BUFFER_BLOCK_LENGTH)
                0x0300a180                        OPTION_SETTING_START_NS = DEFINED (PROJECT_NONSECURE)?OPTION_SETTING_START:(OPTION_SETTING_START + 0x80)
                0x27030080                        OPTION_SETTING_DATA_FLASH_S_START = DEFINED (OPTION_SETTING_DATA_FLASH_S_START)?OPTION_SETTING_DATA_FLASH_S_START:0x0
                0x00000800                        OPTION_SETTING_DATA_FLASH_S_LENGTH = DEFINED (OPTION_SETTING_DATA_FLASH_S_LENGTH)?OPTION_SETTING_DATA_FLASH_S_LENGTH:0x0
                0x00000001                        __bl_FSP_BOOTABLE_IMAGE = 0x1
                0x00000001                        __bln_FSP_BOOTABLE_IMAGE = 0x1
                0x00000001                        PROJECT_SECURE_OR_FLAT = (((! (DEFINED (PROJECT_NONSECURE)) || DEFINED (PROJECT_SECURE)) && OPTION_SETTING_LENGTH) && ! (DEFINED (FSP_BOOTABLE_IMAGE)))
                0x00000000                        USE_OPTION_SETTING_NS = (DEFINED (PROJECT_NONSECURE) && ! (DEFINED (FSP_BOOTABLE_IMAGE)))
                0x00000001                        USE_OPTION_SETTING_DATA_FLASH = (PROJECT_SECURE_OR_FLAT && (OPTION_SETTING_DATA_FLASH_S_LENGTH != 0x0))
                0x00000000                        __bl_FLASH_IMAGE_START = ! (DEFINED (FLASH_BOOTLOADER_LENGTH))?0x0:(FLASH_APPLICATION_IMAGE_NUMBER == 0x1)?((FLASH_START + FLASH_BOOTLOADER_LENGTH) + FLASH_BOOTLOADER_HEADER_LENGTH):((((FLASH_START + FLASH_BOOTLOADER_LENGTH) + FLASH_BOOTLOADER_SCRATCH_LENGTH) + FLASH_APPLICATION_S_LENGTH) + FLASH_BOOTLOADER_HEADER_LENGTH)
                0x00000000                        __bl_FLASH_IMAGE_LENGTH = ! (DEFINED (FLASH_BOOTLOADER_LENGTH))?0x0:(FLASH_APPLICATION_S_LENGTH - FLASH_BOOTLOADER_HEADER_LENGTH)
                0x00000000                        __bl_FLASH_IMAGE_END = (__bl_FLASH_IMAGE_START + __bl_FLASH_IMAGE_LENGTH)
                0x00000000                        __bl_XIP_SECONDARY_FLASH_IMAGE_START = ! (DEFINED (FLASH_BOOTLOADER_LENGTH))?0x0:((FLASH_BOOTLOADER_LENGTH + FLASH_APPLICATION_S_LENGTH) + FLASH_BOOTLOADER_HEADER_LENGTH)
                0x00000000                        __bl_XIP_SECONDARY_FLASH_IMAGE_END = (__bl_XIP_SECONDARY_FLASH_IMAGE_START + __bl_FLASH_IMAGE_LENGTH)
                0x00000000                        __bl_FLASH_NS_START = ! (DEFINED (FLASH_BOOTLOADER_LENGTH))?0x0:(FLASH_APPLICATION_NS_LENGTH == 0x0)?__bl_FLASH_IMAGE_END:((__bl_FLASH_IMAGE_START - FLASH_BOOTLOADER_HEADER_LENGTH) + FLASH_APPLICATION_S_LENGTH)
                0x00000000                        __bl_FLASH_NSC_START = ! (DEFINED (FLASH_BOOTLOADER_LENGTH))?0x0:(FLASH_APPLICATION_NS_LENGTH == 0x0)?__bl_FLASH_IMAGE_END:(__bl_FLASH_IMAGE_END - FLASH_APPLICATION_NSC_LENGTH)
                0x00000000                        __bl_RAM_NS_START = ! (DEFINED (FLASH_BOOTLOADER_LENGTH))?0x0:(FLASH_APPLICATION_NS_LENGTH == 0x0)?(RAM_START + RAM_LENGTH):((RAM_START + RAM_LENGTH) - RAM_APPLICATION_NS_LENGTH)
                0x00000000                        __bl_RAM_NSC_START = ! (DEFINED (FLASH_BOOTLOADER_LENGTH))?0x0:(FLASH_APPLICATION_NS_LENGTH == 0x0)?(RAM_START + RAM_LENGTH):(__bl_RAM_NS_START - RAM_APPLICATION_NSC_LENGTH)
                0x00000000                        __bl_FLASH_NS_IMAGE_START = ! (DEFINED (FLASH_BOOTLOADER_LENGTH))?0x0:(FLASH_APPLICATION_NS_LENGTH == 0x0)?__bl_FLASH_IMAGE_END:(__bl_FLASH_NS_START + FLASH_BOOTLOADER_HEADER_LENGTH_2)
                0x10000000                        __bln_FLASH_IMAGE_START = (__bl_FLASH_NS_IMAGE_START | ! (DEFINED (NS_OFFSET_START))?0x0:NS_OFFSET_START)
                0x00000000                        __bln_FLASH_IMAGE_LENGTH = ! (DEFINED (FLASH_BOOTLOADER_LENGTH))?0x0:(FLASH_APPLICATION_NS_LENGTH == 0x0)?__bl_FLASH_IMAGE_END:(FLASH_APPLICATION_NS_LENGTH - FLASH_BOOTLOADER_HEADER_LENGTH_2)
                0x00000000                        XIP_SECONDARY_SLOT_IMAGE = DEFINED (XIP_SECONDARY_SLOT_IMAGE)?XIP_SECONDARY_SLOT_IMAGE:0x0
                0x02000000                        FLASH_ORIGIN = ! (DEFINED (FLASH_IMAGE_START))?FLASH_START:(XIP_SECONDARY_SLOT_IMAGE == 0x1)?XIP_SECONDARY_FLASH_IMAGE_START:FLASH_IMAGE_START
                0x001f8000                        LIMITED_FLASH_LENGTH = DEFINED (FLASH_IMAGE_LENGTH)?FLASH_IMAGE_LENGTH:DEFINED (FLASH_BOOTLOADER_LENGTH)?FLASH_BOOTLOADER_LENGTH:FLASH_LENGTH
                0x00000034                        OPTION_SETTING_SAS_SIZE = 0x34
                0x000000cc                        OPTION_SETTING_SAS_LENGTH = ! (DEFINED (OPTION_SETTING_LENGTH))?0x0:(OPTION_SETTING_LENGTH == 0x0)?0x0:(OPTION_SETTING_LENGTH - OPTION_SETTING_SAS_SIZE)
START GROUP
LOAD C:/Renesas/RA/e2studio_v2024-01.1_fsp_v5.2.0/toolchains/gcc_arm/13.2.rel1/bin/../lib/gcc/arm-none-eabi/13.2.1/thumb/v8-m.main+dp/hard\libgcc.a
LOAD C:/Renesas/RA/e2studio_v2024-01.1_fsp_v5.2.0/toolchains/gcc_arm/13.2.rel1/bin/../lib/gcc/arm-none-eabi/13.2.1/thumb/v8-m.main+dp/hard\libc.a
LOAD C:/Renesas/RA/e2studio_v2024-01.1_fsp_v5.2.0/toolchains/gcc_arm/13.2.rel1/bin/../lib/gcc/arm-none-eabi/13.2.1/thumb/v8-m.main+dp/hard\libm.a
END GROUP

.text           0x02000000     0x9e78
                0x02000000                        __tz_FLASH_S = ABSOLUTE (FLASH_START)
                0x02000000                        __ROM_Start = .
 *(.fixed_vectors*)
 .fixed_vectors
                0x02000000       0x40 ./ra/fsp/src/bsp/cmsis/Device/RENESAS/Source/startup.o
                0x02000000                __Vectors
 *(.application_vectors*)
 .application_vectors
                0x02000040      0x180 ./ra_gen/vector_data.o
                0x02000040                g_vector_table
                0x020001c0                        __Vectors_End = .
 *(.flash_gap*)
                0x020001c0                        . = (OPTION_SETTING_LENGTH > 0x0)?.:(__ROM_Start + 0x400)
 *(.rom_registers*)
 *(.mcuboot_sce9_key*)
 *(.text*)
 .text.deregister_tm_clones
                0x020001c0       0x1c C:/Renesas/RA/e2studio_v2024-01.1_fsp_v5.2.0/toolchains/gcc_arm/13.2.rel1/bin/../lib/gcc/arm-none-eabi/13.2.1/thumb/v8-m.main+dp/hard/crtbegin.o
 .text.register_tm_clones
                0x020001dc       0x28 C:/Renesas/RA/e2studio_v2024-01.1_fsp_v5.2.0/toolchains/gcc_arm/13.2.rel1/bin/../lib/gcc/arm-none-eabi/13.2.1/thumb/v8-m.main+dp/hard/crtbegin.o
 .text.__do_global_dtors_aux
                0x02000204       0x28 C:/Renesas/RA/e2studio_v2024-01.1_fsp_v5.2.0/toolchains/gcc_arm/13.2.rel1/bin/../lib/gcc/arm-none-eabi/13.2.1/thumb/v8-m.main+dp/hard/crtbegin.o
 .text.frame_dummy
                0x0200022c       0x24 C:/Renesas/RA/e2studio_v2024-01.1_fsp_v5.2.0/toolchains/gcc_arm/13.2.rel1/bin/../lib/gcc/arm-none-eabi/13.2.1/thumb/v8-m.main+dp/hard/crtbegin.o
 .text.hal_entry
                0x02000250        0xc ./src/hal_entry.o
                0x02000250                hal_entry
 .text.R_BSP_WarmStart
                0x0200025c       0x28 ./src/hal_entry.o
                0x0200025c                R_BSP_WarmStart
 .text.main     0x02000284        0xe ./ra_gen/main.o
                0x02000284                main
 *fill*         0x02000292        0x2 ff
 .text.R_BSP_PinAccessEnable
                0x02000294       0x60 ./ra/fsp/src/r_ioport/r_ioport.o
 .text.R_BSP_PinAccessDisable
                0x020002f4       0x68 ./ra/fsp/src/r_ioport/r_ioport.o
 .text.R_IOPORT_Open
                0x0200035c       0x28 ./ra/fsp/src/r_ioport/r_ioport.o
                0x0200035c                R_IOPORT_Open
 .text.r_ioport_pins_config
                0x02000384       0x56 ./ra/fsp/src/r_ioport/r_ioport.o
 *fill*         0x020003da        0x2 ff
 .text.r_ioport_pfs_write
                0x020003dc       0x78 ./ra/fsp/src/r_ioport/r_ioport.o
 .text.bsp_vbatt_init
                0x02000454      0x17c ./ra/fsp/src/r_ioport/r_ioport.o
 .text.__NVIC_SetPriority
                0x020005d0       0x54 ./ra/fsp/src/r_i3c/r_i3c.o
 .text.R_FSP_CurrentIrqGet
                0x02000624       0x2c ./ra/fsp/src/r_i3c/r_i3c.o
 .text.R_FSP_IsrContextSet
                0x02000650       0x28 ./ra/fsp/src/r_i3c/r_i3c.o
 .text.R_FSP_IsrContextGet
                0x02000678       0x24 ./ra/fsp/src/r_i3c/r_i3c.o
 .text.R_BSP_IrqStatusClear
                0x0200069c       0x40 ./ra/fsp/src/r_i3c/r_i3c.o
 .text.R_BSP_IrqClearPending
                0x020006dc       0x48 ./ra/fsp/src/r_i3c/r_i3c.o
 .text.R_BSP_IrqCfg
                0x02000724       0x2e ./ra/fsp/src/r_i3c/r_i3c.o
 *fill*         0x02000752        0x2 ff
 .text.R_BSP_IrqEnableNoClear
                0x02000754       0x38 ./ra/fsp/src/r_i3c/r_i3c.o
 .text.R_BSP_IrqEnable
                0x0200078c       0x26 ./ra/fsp/src/r_i3c/r_i3c.o
 *fill*         0x020007b2        0x2 ff
 .text.R_BSP_IrqDisable
                0x020007b4       0x48 ./ra/fsp/src/r_i3c/r_i3c.o
 .text.R_BSP_IrqCfgEnable
                0x020007fc       0x2e ./ra/fsp/src/r_i3c/r_i3c.o
 *fill*         0x0200082a        0x2 ff
 .text.R_I3C_Open
                0x0200082c       0xbc ./ra/fsp/src/r_i3c/r_i3c.o
                0x0200082c                R_I3C_Open
 .text.R_I3C_Enable
                0x020008e8      0x344 ./ra/fsp/src/r_i3c/r_i3c.o
                0x020008e8                R_I3C_Enable
 .text.R_I3C_DeviceCfgSet
                0x02000c2c       0xfc ./ra/fsp/src/r_i3c/r_i3c.o
                0x02000c2c                R_I3C_DeviceCfgSet
 .text.R_I3C_MasterDeviceTableSet
                0x02000d28       0xe4 ./ra/fsp/src/r_i3c/r_i3c.o
                0x02000d28                R_I3C_MasterDeviceTableSet
 .text.R_I3C_DeviceSelect
                0x02000e0c       0x2c ./ra/fsp/src/r_i3c/r_i3c.o
                0x02000e0c                R_I3C_DeviceSelect
 .text.R_I3C_Write
                0x02000e38      0x12e ./ra/fsp/src/r_i3c/r_i3c.o
                0x02000e38                R_I3C_Write
 .text.R_I3C_Read
                0x02000f66       0xb0 ./ra/fsp/src/r_i3c/r_i3c.o
                0x02000f66                R_I3C_Read
 .text.i3c_address_parity
                0x02001016       0x5c ./ra/fsp/src/r_i3c/r_i3c.o
 *fill*         0x02001072        0x2 ff
 .text.i3c_xfer_command_calculate
                0x02001074       0x8c ./ra/fsp/src/r_i3c/r_i3c.o
 .text.i3c_fifo_read
                0x02001100       0x5e ./ra/fsp/src/r_i3c/r_i3c.o
 .text.i3c_read_buffer_store
                0x0200115e       0xa4 ./ra/fsp/src/r_i3c/r_i3c.o
 .text.i3c_read_bytes_remaining_calculate
                0x02001202       0x38 ./ra/fsp/src/r_i3c/r_i3c.o
 .text.i3c_fifo_write
                0x0200123a       0x90 ./ra/fsp/src/r_i3c/r_i3c.o
 .text.i3c_next_data_word_calculate
                0x020012ca       0x66 ./ra/fsp/src/r_i3c/r_i3c.o
 .text.i3c_isr_context_get
                0x02001330       0x2e ./ra/fsp/src/r_i3c/r_i3c.o
 *fill*         0x0200135e        0x2 ff
 .text.i3c_resp_isr
                0x02001360      0x1f4 ./ra/fsp/src/r_i3c/r_i3c.o
                0x02001360                i3c_resp_isr
 .text.i3c_rx_isr
                0x02001554       0x70 ./ra/fsp/src/r_i3c/r_i3c.o
                0x02001554                i3c_rx_isr
 .text.i3c_tx_isr
                0x020015c4       0x1a ./ra/fsp/src/r_i3c/r_i3c.o
                0x020015c4                i3c_tx_isr
 *fill*         0x020015de        0x2 ff
 .text.i3c_rcv_isr
                0x020015e0      0x248 ./ra/fsp/src/r_i3c/r_i3c.o
                0x020015e0                i3c_rcv_isr
 .text.i3c_ibi_isr
                0x02001828      0x188 ./ra/fsp/src/r_i3c/r_i3c.o
                0x02001828                i3c_ibi_isr
 .text.i3c_eei_isr
                0x020019b0       0xd0 ./ra/fsp/src/r_i3c/r_i3c.o
                0x020019b0                i3c_eei_isr
 .text.i3c_master_error_recovery
                0x02001a80       0x3a ./ra/fsp/src/r_i3c/r_i3c.o
 .text.i3c_slave_error_recovery
                0x02001aba       0x62 ./ra/fsp/src/r_i3c/r_i3c.o
 .text.__NVIC_SetPriority
                0x02001b1c       0x54 ./ra/fsp/src/r_adc/r_adc.o
 .text.R_FSP_CurrentIrqGet
                0x02001b70       0x2c ./ra/fsp/src/r_adc/r_adc.o
 .text.R_FSP_SystemClockHzGet
                0x02001b9c       0xc0 ./ra/fsp/src/r_adc/r_adc.o
 .text.R_FSP_IsrContextSet
                0x02001c5c       0x28 ./ra/fsp/src/r_adc/r_adc.o
 .text.R_FSP_IsrContextGet
                0x02001c84       0x24 ./ra/fsp/src/r_adc/r_adc.o
 .text.R_BSP_IrqStatusClear
                0x02001ca8       0x40 ./ra/fsp/src/r_adc/r_adc.o
 .text.R_BSP_IrqClearPending
                0x02001ce8       0x48 ./ra/fsp/src/r_adc/r_adc.o
 .text.R_BSP_IrqCfg
                0x02001d30       0x2e ./ra/fsp/src/r_adc/r_adc.o
 *fill*         0x02001d5e        0x2 ff
 .text.R_BSP_IrqEnableNoClear
                0x02001d60       0x38 ./ra/fsp/src/r_adc/r_adc.o
 .text.R_BSP_IrqEnable
                0x02001d98       0x26 ./ra/fsp/src/r_adc/r_adc.o
 .text.R_BSP_IrqCfgEnable
                0x02001dbe       0x2e ./ra/fsp/src/r_adc/r_adc.o
 .text.R_ADC_Open
                0x02001dec       0xbc ./ra/fsp/src/r_adc/r_adc.o
                0x02001dec                R_ADC_Open
 .text.R_ADC_ScanCfg
                0x02001ea8       0x30 ./ra/fsp/src/r_adc/r_adc.o
                0x02001ea8                R_ADC_ScanCfg
 .text.R_ADC_CallbackSet
                0x02001ed8       0x32 ./ra/fsp/src/r_adc/r_adc.o
                0x02001ed8                R_ADC_CallbackSet
 .text.R_ADC_ScanStart
                0x02001f0a       0x24 ./ra/fsp/src/r_adc/r_adc.o
                0x02001f0a                R_ADC_ScanStart
 .text.R_ADC_Read
                0x02001f2e       0x34 ./ra/fsp/src/r_adc/r_adc.o
                0x02001f2e                R_ADC_Read
 *fill*         0x02001f62        0x2 ff
 .text.r_adc_open_sub
                0x02001f64      0x14c ./ra/fsp/src/r_adc/r_adc.o
 .text.r_adc_sensor_cfg
                0x020020b0      0x118 ./ra/fsp/src/r_adc/r_adc.o
 .text.r_adc_sensor_sample_state_calculation
                0x020021c8       0x50 ./ra/fsp/src/r_adc/r_adc.o
 .text.r_adc_scan_cfg
                0x02002218      0x1f0 ./ra/fsp/src/r_adc/r_adc.o
 .text.r_adc_irq_enable
                0x02002408       0x2e ./ra/fsp/src/r_adc/r_adc.o
 .text.r_adc_call_callback
                0x02002436       0x72 ./ra/fsp/src/r_adc/r_adc.o
 .text.r_adc_scan_end_common_isr
                0x020024a8       0x56 ./ra/fsp/src/r_adc/r_adc.o
 .text.adc_scan_end_isr
                0x020024fe        0xe ./ra/fsp/src/r_adc/r_adc.o
                0x020024fe                adc_scan_end_isr
 .text.R_BSP_FlashCacheEnable
                0x0200250c       0x28 ./ra/fsp/src/bsp/mcu/all/bsp_clocks.o
 .text.SystemCoreClockUpdate
                0x02002534       0xa4 ./ra/fsp/src/bsp/mcu/all/bsp_clocks.o
                0x02002534                SystemCoreClockUpdate
 .text.bsp_prv_clock_set_hard_reset
                0x020025d8       0x64 ./ra/fsp/src/bsp/mcu/all/bsp_clocks.o
 .text.bsp_clock_freq_var_init
                0x0200263c       0x54 ./ra/fsp/src/bsp/mcu/all/bsp_clocks.o
 .text.bsp_clock_init
                0x02002690       0xc4 ./ra/fsp/src/bsp/mcu/all/bsp_clocks.o
                0x02002690                bsp_clock_init
 .text.R_BSP_SubClockStabilizeWaitAfterReset
                0x02002754       0x14 ./ra/fsp/src/bsp/mcu/all/bsp_clocks.o
                0x02002754                R_BSP_SubClockStabilizeWaitAfterReset
 .text.bsp_peripheral_clock_set
                0x02002768       0x7e ./ra/fsp/src/bsp/mcu/all/bsp_clocks.o
 *fill*         0x020027e6        0x2 ff
 .text.bsp_prv_sosc_init
                0x020027e8       0x6c ./ra/fsp/src/bsp/mcu/all/bsp_clocks.o
 .text.R_BSP_Init_RTC
                0x02002854       0xbc ./ra/fsp/src/bsp/mcu/all/bsp_clocks.o
                0x02002854                R_BSP_Init_RTC
 .text.R_BSP_SoftwareDelay
                0x02002910       0xf8 ./ra/fsp/src/bsp/mcu/all/bsp_delay.o
                0x02002910                R_BSP_SoftwareDelay
 .text.bsp_prv_software_delay_loop
                0x02002a08        0xc ./ra/fsp/src/bsp/mcu/all/bsp_delay.o
                0x02002a08                bsp_prv_software_delay_loop
 .text.bsp_group_irq_call
                0x02002a14       0x30 ./ra/fsp/src/bsp/mcu/all/bsp_group_irq.o
 .text.NMI_Handler
                0x02002a44       0x80 ./ra/fsp/src/bsp/mcu/all/bsp_group_irq.o
                0x02002a44                NMI_Handler
 .text.bsp_irq_cfg
                0x02002ac4       0x50 ./ra/fsp/src/bsp/mcu/all/bsp_irq.o
                0x02002ac4                bsp_irq_cfg
 .text.R_BSP_RegisterProtectEnable
                0x02002b14       0xa0 ./ra/fsp/src/bsp/mcu/all/bsp_register_protection.o
                0x02002b14                R_BSP_RegisterProtectEnable
 .text.R_BSP_RegisterProtectDisable
                0x02002bb4       0x90 ./ra/fsp/src/bsp/mcu/all/bsp_register_protection.o
                0x02002bb4                R_BSP_RegisterProtectDisable
 .text.Reset_Handler
                0x02002c44       0x10 ./ra/fsp/src/bsp/cmsis/Device/RENESAS/Source/startup.o
                0x02002c44                Reset_Handler
 .text.Default_Handler
                0x02002c54       0x10 ./ra/fsp/src/bsp/cmsis/Device/RENESAS/Source/startup.o
                0x02002c54                DebugMon_Handler
                0x02002c54                HardFault_Handler
                0x02002c54                SysTick_Handler
                0x02002c54                PendSV_Handler
                0x02002c54                UsageFault_Handler
                0x02002c54                SecureFault_Handler
                0x02002c54                Default_Handler
                0x02002c54                MemManage_Handler
                0x02002c54                SVC_Handler
                0x02002c54                BusFault_Handler
 .text.SystemInit
                0x02002c64      0x15c ./ra/fsp/src/bsp/cmsis/Device/RENESAS/Source/system.o
                0x02002c64                SystemInit
 .text.memcpy_64
                0x02002dc0       0x34 ./ra/fsp/src/bsp/cmsis/Device/RENESAS/Source/system.o
 *fill*         0x02002df4        0x4 ff
 .text.memset_64
                0x02002df8       0x2c ./ra/fsp/src/bsp/cmsis/Device/RENESAS/Source/system.o
 .text.bsp_init_itcm
                0x02002e24       0x38 ./ra/fsp/src/bsp/cmsis/Device/RENESAS/Source/system.o
 .text.bsp_init_dtcm
                0x02002e5c       0x60 ./ra/fsp/src/bsp/cmsis/Device/RENESAS/Source/system.o
 .text.bsp_init
                0x02002ebc       0x14 ./ra/board/ra8m1_ek/board_init.o
                0x02002ebc                bsp_init
 .text.out_w    0x02002ed0       0x1c ./mtk3_bsp2/sysdepend/ra_fsp/lib/libtm/ek_ra8m1/tm_com.o
 .text.out_b    0x02002eec       0x1e ./mtk3_bsp2/sysdepend/ra_fsp/lib/libtm/ek_ra8m1/tm_com.o
 .text.in_w     0x02002f0a       0x18 ./mtk3_bsp2/sysdepend/ra_fsp/lib/libtm/ek_ra8m1/tm_com.o
 *fill*         0x02002f22        0x2 ff
 .text.tm_snd_dat
                0x02002f24       0x4c ./mtk3_bsp2/sysdepend/ra_fsp/lib/libtm/ek_ra8m1/tm_com.o
                0x02002f24                tm_snd_dat
 .text.tm_com_init
                0x02002f70       0x50 ./mtk3_bsp2/sysdepend/ra_fsp/lib/libtm/ek_ra8m1/tm_com.o
                0x02002f70                tm_com_init
 .text.set_basepri
                0x02002fc0       0x1e ./mtk3_bsp2/sysdepend/ra_fsp/lib/libtk/cpu/core/armv8m/int_armv8m.o
                0x02002fc0                set_basepri
 .text.get_basepri
                0x02002fde       0x1a ./mtk3_bsp2/sysdepend/ra_fsp/lib/libtk/cpu/core/armv8m/int_armv8m.o
                0x02002fde                get_basepri
 .text.disint   0x02002ff8       0x24 ./mtk3_bsp2/sysdepend/ra_fsp/lib/libtk/cpu/core/armv8m/int_armv8m.o
                0x02002ff8                disint
 .text.knl_EnterTaskIndependent
                0x0200301c       0x1c ./mtk3_bsp2/sysdepend/ra_fsp/device/hal_i3c_i2c/hal_i3c_i2c.o
 .text.knl_LeaveTaskIndependent
                0x02003038       0x1c ./mtk3_bsp2/sysdepend/ra_fsp/device/hal_i3c_i2c/hal_i3c_i2c.o
 .text.read_atr
                0x02003054       0x80 ./mtk3_bsp2/sysdepend/ra_fsp/device/hal_i3c_i2c/hal_i3c_i2c.o
 .text.write_atr
                0x020030d4       0x66 ./mtk3_bsp2/sysdepend/ra_fsp/device/hal_i3c_i2c/hal_i3c_i2c.o
 *fill*         0x0200313a        0x2 ff
 .text.g_i3c0_callback
                0x0200313c       0x54 ./mtk3_bsp2/sysdepend/ra_fsp/device/hal_i3c_i2c/hal_i3c_i2c.o
                0x0200313c                g_i3c0_callback
 .text.read_data
                0x02003190      0x120 ./mtk3_bsp2/sysdepend/ra_fsp/device/hal_i3c_i2c/hal_i3c_i2c.o
 .text.write_data
                0x020032b0      0x120 ./mtk3_bsp2/sysdepend/ra_fsp/device/hal_i3c_i2c/hal_i3c_i2c.o
 .text.dev_i2c_openfn
                0x020033d0       0x56 ./mtk3_bsp2/sysdepend/ra_fsp/device/hal_i3c_i2c/hal_i3c_i2c.o
 .text.dev_i2c_closefn
                0x02003426       0x1a ./mtk3_bsp2/sysdepend/ra_fsp/device/hal_i3c_i2c/hal_i3c_i2c.o
 .text.dev_i2c_readfn
                0x02003440       0x38 ./mtk3_bsp2/sysdepend/ra_fsp/device/hal_i3c_i2c/hal_i3c_i2c.o
 .text.dev_i2c_writefn
                0x02003478       0x38 ./mtk3_bsp2/sysdepend/ra_fsp/device/hal_i3c_i2c/hal_i3c_i2c.o
 .text.dev_i2c_eventfn
                0x020034b0       0x1c ./mtk3_bsp2/sysdepend/ra_fsp/device/hal_i3c_i2c/hal_i3c_i2c.o
 .text.dev_init_hal_i3c_i2c
                0x020034cc      0x140 ./mtk3_bsp2/sysdepend/ra_fsp/device/hal_i3c_i2c/hal_i3c_i2c.o
                0x020034cc                dev_init_hal_i3c_i2c
 .text.knl_EnterTaskIndependent
                0x0200360c       0x1c ./mtk3_bsp2/sysdepend/ra_fsp/device/hal_adc/hal_adc.o
 .text.knl_LeaveTaskIndependent
                0x02003628       0x1c ./mtk3_bsp2/sysdepend/ra_fsp/device/hal_adc/hal_adc.o
 .text.read_atr
                0x02003644       0x1a ./mtk3_bsp2/sysdepend/ra_fsp/device/hal_adc/hal_adc.o
 .text.write_atr
                0x0200365e       0x1a ./mtk3_bsp2/sysdepend/ra_fsp/device/hal_adc/hal_adc.o
 .text.HAL_ADC_Callback
                0x02003678       0x54 ./mtk3_bsp2/sysdepend/ra_fsp/device/hal_adc/hal_adc.o
 .text.read_data
                0x020036cc       0x9c ./mtk3_bsp2/sysdepend/ra_fsp/device/hal_adc/hal_adc.o
 .text.write_data
                0x02003768       0x1a ./mtk3_bsp2/sysdepend/ra_fsp/device/hal_adc/hal_adc.o
 *fill*         0x02003782        0x2 ff
 .text.dev_adc_openfn
                0x02003784       0x64 ./mtk3_bsp2/sysdepend/ra_fsp/device/hal_adc/hal_adc.o
 .text.dev_adc_closefn
                0x020037e8       0x1a ./mtk3_bsp2/sysdepend/ra_fsp/device/hal_adc/hal_adc.o
 .text.dev_adc_readfn
                0x02003802       0x46 ./mtk3_bsp2/sysdepend/ra_fsp/device/hal_adc/hal_adc.o
 .text.dev_adc_writefn
                0x02003848       0x46 ./mtk3_bsp2/sysdepend/ra_fsp/device/hal_adc/hal_adc.o
 .text.dev_adc_eventfn
                0x0200388e       0x1c ./mtk3_bsp2/sysdepend/ra_fsp/device/hal_adc/hal_adc.o
 *fill*         0x020038aa        0x2 ff
 .text.dev_init_hal_adc
                0x020038ac      0x130 ./mtk3_bsp2/sysdepend/ra_fsp/device/hal_adc/hal_adc.o
                0x020038ac                dev_init_hal_adc
 .text.out_w    0x020039dc       0x1c ./mtk3_bsp2/sysdepend/ra_fsp/cpu/core/armv8m/cpu_cntl.o
 .text.knl_force_dispatch
                0x020039f8       0x30 ./mtk3_bsp2/sysdepend/ra_fsp/cpu/core/armv8m/cpu_cntl.o
                0x020039f8                knl_force_dispatch
 .text.knl_dispatch
                0x02003a28       0x18 ./mtk3_bsp2/sysdepend/ra_fsp/cpu/core/armv8m/cpu_cntl.o
                0x02003a28                knl_dispatch
 .text          0x02003a40       0xdc ./mtk3_bsp2/sysdepend/ra_fsp/cpu/core/armv8m/dispatch.o
                0x02003a40                knl_dispatch_entry
 .text.knl_nmi_handler
                0x02003b1c       0x14 ./mtk3_bsp2/sysdepend/ra_fsp/cpu/core/armv8m/exc_hdr.o
                0x02003b1c                knl_nmi_handler
 .text.knl_hardfault_handler
                0x02003b30       0x64 ./mtk3_bsp2/sysdepend/ra_fsp/cpu/core/armv8m/exc_hdr.o
                0x02003b30                knl_hardfault_handler
 .text.knl_memmanage_handler
                0x02003b94       0x14 ./mtk3_bsp2/sysdepend/ra_fsp/cpu/core/armv8m/exc_hdr.o
                0x02003b94                knl_memmanage_handler
 .text.knl_busfault_handler
                0x02003ba8       0x14 ./mtk3_bsp2/sysdepend/ra_fsp/cpu/core/armv8m/exc_hdr.o
                0x02003ba8                knl_busfault_handler
 .text.knl_usagefault_handler
                0x02003bbc       0x14 ./mtk3_bsp2/sysdepend/ra_fsp/cpu/core/armv8m/exc_hdr.o
                0x02003bbc                knl_usagefault_handler
 .text.knl_svcall_handler
                0x02003bd0       0x14 ./mtk3_bsp2/sysdepend/ra_fsp/cpu/core/armv8m/exc_hdr.o
                0x02003bd0                knl_svcall_handler
 .text.knl_debugmon_handler
                0x02003be4       0x14 ./mtk3_bsp2/sysdepend/ra_fsp/cpu/core/armv8m/exc_hdr.o
                0x02003be4                knl_debugmon_handler
 .text.knl_EnterTaskIndependent
                0x02003bf8       0x1c ./mtk3_bsp2/sysdepend/ra_fsp/cpu/core/armv8m/interrupt.o
 .text.knl_LeaveTaskIndependent
                0x02003c14       0x1c ./mtk3_bsp2/sysdepend/ra_fsp/cpu/core/armv8m/interrupt.o
 .text.knl_systim_inthdr
                0x02003c30       0x14 ./mtk3_bsp2/sysdepend/ra_fsp/cpu/core/armv8m/interrupt.o
                0x02003c30                knl_systim_inthdr
 .text.knl_init_interrupt
                0x02003c44       0x70 ./mtk3_bsp2/sysdepend/ra_fsp/cpu/core/armv8m/interrupt.o
                0x02003c44                knl_init_interrupt
 .text.out_w    0x02003cb4       0x1c ./mtk3_bsp2/sysdepend/ra_fsp/cpu/core/armv8m/sys_start.o
 .text.in_w     0x02003cd0       0x18 ./mtk3_bsp2/sysdepend/ra_fsp/cpu/core/armv8m/sys_start.o
 .text.knl_start_mtkernel
                0x02003ce8      0x104 ./mtk3_bsp2/sysdepend/ra_fsp/cpu/core/armv8m/sys_start.o
                0x02003ce8                knl_start_mtkernel
 .text.knl_init_device
                0x02003dec       0x10 ./mtk3_bsp2/sysdepend/ra_fsp/devinit.o
                0x02003dec                knl_init_device
 .text.knl_start_device
                0x02003dfc       0x4c ./mtk3_bsp2/sysdepend/ra_fsp/devinit.o
                0x02003dfc                knl_start_device
 .text.knl_finish_device
                0x02003e48       0x10 ./mtk3_bsp2/sysdepend/ra_fsp/devinit.o
                0x02003e48                knl_finish_device
 .text.knl_startup_hw
                0x02003e58        0xe ./mtk3_bsp2/sysdepend/ra_fsp/hw_setting.o
                0x02003e58                knl_startup_hw
 .text.knl_shutdown_hw
                0x02003e66        0xc ./mtk3_bsp2/sysdepend/ra_fsp/hw_setting.o
                0x02003e66                knl_shutdown_hw
 *fill*         0x02003e72        0x2 ff
 .text.knl_restart_hw
                0x02003e74       0x64 ./mtk3_bsp2/sysdepend/ra_fsp/hw_setting.o
                0x02003e74                knl_restart_hw
 .text.low_pow  0x02003ed8        0xe ./mtk3_bsp2/sysdepend/ra_fsp/power_save.o
                0x02003ed8                low_pow
 .text.libtm_init
                0x02003ee6        0xc ./mtk3_bsp2/mtkernel/lib/libtm/libtm.o
                0x02003ee6                libtm_init
 *fill*         0x02003ef2        0x2 ff
 .text.tm_putchar
                0x02003ef4       0x48 ./mtk3_bsp2/mtkernel/lib/libtm/libtm.o
                0x02003ef4                tm_putchar
 .text.tm_putstring
                0x02003f3c       0x3e ./mtk3_bsp2/mtkernel/lib/libtm/libtm.o
                0x02003f3c                tm_putstring
 *fill*         0x02003f7a        0x2 ff
 .text.outint   0x02003f7c       0x7c ./mtk3_bsp2/mtkernel/lib/libtm/libtm_printf.o
 .text.tm_vsprintf
                0x02003ff8      0x63c ./mtk3_bsp2/mtkernel/lib/libtm/libtm_printf.o
 .text.out_cons
                0x02004634       0x48 ./mtk3_bsp2/mtkernel/lib/libtm/libtm_printf.o
 .text.tm_printf
                0x0200467c       0x34 ./mtk3_bsp2/mtkernel/lib/libtm/libtm_printf.o
                0x0200467c                tm_printf
 .text.Inc      0x020046b0       0x2e ./mtk3_bsp2/mtkernel/lib/libtk/fastlock.o
 .text.Dec      0x020046de       0x2a ./mtk3_bsp2/mtkernel/lib/libtk/fastlock.o
 .text.Lock     0x02004708       0x2c ./mtk3_bsp2/mtkernel/lib/libtk/fastlock.o
                0x02004708                Lock
 .text.Unlock   0x02004734       0x28 ./mtk3_bsp2/mtkernel/lib/libtk/fastlock.o
                0x02004734                Unlock
 .text.CreateLock
                0x0200475c       0x7c ./mtk3_bsp2/mtkernel/lib/libtk/fastlock.o
                0x0200475c                CreateLock
 .text.DeleteLock
                0x020047d8       0x28 ./mtk3_bsp2/mtkernel/lib/libtk/fastlock.o
                0x020047d8                DeleteLock
 .text.INC      0x02004800       0x26 ./mtk3_bsp2/mtkernel/lib/libtk/fastmlock.o
 .text.DEC      0x02004826       0x26 ./mtk3_bsp2/mtkernel/lib/libtk/fastmlock.o
 .text.BTS      0x0200484c       0x40 ./mtk3_bsp2/mtkernel/lib/libtk/fastmlock.o
 .text.BR       0x0200488c       0x32 ./mtk3_bsp2/mtkernel/lib/libtk/fastmlock.o
 .text.MLockTmo
                0x020048be       0x6c ./mtk3_bsp2/mtkernel/lib/libtk/fastmlock.o
                0x020048be                MLockTmo
 .text.MLock    0x0200492a       0x20 ./mtk3_bsp2/mtkernel/lib/libtk/fastmlock.o
                0x0200492a                MLock
 .text.MUnlock  0x0200494a       0x44 ./mtk3_bsp2/mtkernel/lib/libtk/fastmlock.o
                0x0200494a                MUnlock
 *fill*         0x0200498e        0x2 ff
 .text.CreateMLock
                0x02004990       0x7c ./mtk3_bsp2/mtkernel/lib/libtk/fastmlock.o
                0x02004990                CreateMLock
 .text.DeleteMLock
                0x02004a0c       0x3c ./mtk3_bsp2/mtkernel/lib/libtk/fastmlock.o
                0x02004a0c                DeleteMLock
 .text.Kmalloc  0x02004a48       0x1a ./mtk3_bsp2/mtkernel/lib/libtk/kmalloc.o
                0x02004a48                Kmalloc
 .text.Kfree    0x02004a62       0x16 ./mtk3_bsp2/mtkernel/lib/libtk/kmalloc.o
                0x02004a62                Kfree
 .text.knl_memset
                0x02004a78       0x98 ./mtk3_bsp2/mtkernel/kernel/tstdlib/string.o
                0x02004a78                knl_memset
 .text.knl_strlen
                0x02004b10       0x24 ./mtk3_bsp2/mtkernel/kernel/tstdlib/string.o
                0x02004b10                knl_strlen
 .text.knl_strcpy
                0x02004b34       0x32 ./mtk3_bsp2/mtkernel/kernel/tstdlib/string.o
                0x02004b34                knl_strcpy
 .text.knl_strncpy
                0x02004b66       0x56 ./mtk3_bsp2/mtkernel/kernel/tstdlib/string.o
                0x02004b66                knl_strncpy
 .text.knl_strcmp
                0x02004bbc       0x58 ./mtk3_bsp2/mtkernel/kernel/tstdlib/string.o
                0x02004bbc                knl_strcmp
 .text.QueInit  0x02004c14       0x20 ./mtk3_bsp2/mtkernel/kernel/tkernel/device.o
 .text.isQueEmpty
                0x02004c34       0x24 ./mtk3_bsp2/mtkernel/kernel/tkernel/device.o
 .text.QueInsert
                0x02004c58       0x32 ./mtk3_bsp2/mtkernel/kernel/tkernel/device.o
 .text.QueRemove
                0x02004c8a       0x32 ./mtk3_bsp2/mtkernel/kernel/tkernel/device.o
 .text.QueRemoveNext
                0x02004cbc       0x3a ./mtk3_bsp2/mtkernel/kernel/tkernel/device.o
 *fill*         0x02004cf6        0x2 ff
 .text.knl_searchDevCB
                0x02004cf8       0x54 ./mtk3_bsp2/mtkernel/kernel/tkernel/device.o
                0x02004cf8                knl_searchDevCB
 .text.newDevCB
                0x02004d4c       0x50 ./mtk3_bsp2/mtkernel/kernel/tkernel/device.o
 .text.delDevCB
                0x02004d9c       0x2c ./mtk3_bsp2/mtkernel/kernel/tkernel/device.o
 .text.tk_def_dev
                0x02004dc8      0x15c ./mtk3_bsp2/mtkernel/kernel/tkernel/device.o
                0x02004dc8                tk_def_dev
 .text.knl_phydevnm
                0x02004f24       0x84 ./mtk3_bsp2/mtkernel/kernel/tkernel/device.o
                0x02004f24                knl_phydevnm
 .text.initDevCB
                0x02004fa8       0x54 ./mtk3_bsp2/mtkernel/kernel/tkernel/device.o
 .text.initIDev
                0x02004ffc       0x24 ./mtk3_bsp2/mtkernel/kernel/tkernel/device.o
 .text.knl_initialize_devmgr
                0x02005020       0x68 ./mtk3_bsp2/mtkernel/kernel/tkernel/device.o
                0x02005020                knl_initialize_devmgr
 .text.delIDev  0x02005088       0x18 ./mtk3_bsp2/mtkernel/kernel/tkernel/device.o
 .text.knl_finish_devmgr
                0x020050a0       0x2c ./mtk3_bsp2/mtkernel/kernel/tkernel/device.o
                0x020050a0                knl_finish_devmgr
 .text.QueInit  0x020050cc       0x20 ./mtk3_bsp2/mtkernel/kernel/tkernel/deviceio.o
 .text.isQueEmpty
                0x020050ec       0x24 ./mtk3_bsp2/mtkernel/kernel/tkernel/deviceio.o
 .text.QueInsert
                0x02005110       0x32 ./mtk3_bsp2/mtkernel/kernel/tkernel/deviceio.o
 .text.QueRemove
                0x02005142       0x32 ./mtk3_bsp2/mtkernel/kernel/tkernel/deviceio.o
 .text.QueRemoveNext
                0x02005174       0x3a ./mtk3_bsp2/mtkernel/kernel/tkernel/deviceio.o
 *fill*         0x020051ae        0x2 ff
 .text.knl_GetResCB
                0x020051b0       0x30 ./mtk3_bsp2/mtkernel/kernel/tkernel/deviceio.o
                0x020051b0                knl_GetResCB
 .text.knl_check_devdesc
                0x020051e0       0x6c ./mtk3_bsp2/mtkernel/kernel/tkernel/deviceio.o
                0x020051e0                knl_check_devdesc
 .text.knl_delOpnCB
                0x0200524c       0x40 ./mtk3_bsp2/mtkernel/kernel/tkernel/deviceio.o
                0x0200524c                knl_delOpnCB
 .text.knl_delReqCB
                0x0200528c       0x2c ./mtk3_bsp2/mtkernel/kernel/tkernel/deviceio.o
                0x0200528c                knl_delReqCB
 .text.knl_chkopen
                0x020052b8       0x3e ./mtk3_bsp2/mtkernel/kernel/tkernel/deviceio.o
                0x020052b8                knl_chkopen
 *fill*         0x020052f6        0x2 ff
 .text.newOpnCB
                0x020052f8       0x80 ./mtk3_bsp2/mtkernel/kernel/tkernel/deviceio.o
 .text.chkopenmode
                0x02005378      0x10e ./mtk3_bsp2/mtkernel/kernel/tkernel/deviceio.o
 *fill*         0x02005486        0x2 ff
 .text.tk_opn_dev
                0x02005488      0x1a8 ./mtk3_bsp2/mtkernel/kernel/tkernel/deviceio.o
                0x02005488                tk_opn_dev
 .text.abort_allrequest
                0x02005630      0x1ec ./mtk3_bsp2/mtkernel/kernel/tkernel/deviceio.o
 .text.knl_close_device
                0x0200581c      0x110 ./mtk3_bsp2/mtkernel/kernel/tkernel/deviceio.o
                0x0200581c                knl_close_device
 .text.newReqCB
                0x0200592c       0x3c ./mtk3_bsp2/mtkernel/kernel/tkernel/deviceio.o
 .text.knl_request
                0x02005968      0x1c0 ./mtk3_bsp2/mtkernel/kernel/tkernel/deviceio.o
                0x02005968                knl_request
 .text.tk_rea_dev
                0x02005b28       0x2e ./mtk3_bsp2/mtkernel/kernel/tkernel/deviceio.o
                0x02005b28                tk_rea_dev
 .text.tk_srea_dev
                0x02005b56       0x58 ./mtk3_bsp2/mtkernel/kernel/tkernel/deviceio.o
                0x02005b56                tk_srea_dev
 *fill*         0x02005bae        0x2 ff
 .text.knl_check_reqid
                0x02005bb0       0x4c ./mtk3_bsp2/mtkernel/kernel/tkernel/deviceio.o
 .text.tk_wai_dev
                0x02005bfc      0x260 ./mtk3_bsp2/mtkernel/kernel/tkernel/deviceio.o
                0x02005bfc                tk_wai_dev
 .text.knl_devmgr_startup
                0x02005e5c       0x2c ./mtk3_bsp2/mtkernel/kernel/tkernel/deviceio.o
                0x02005e5c                knl_devmgr_startup
 .text.knl_devmgr_cleanup
                0x02005e88       0x7c ./mtk3_bsp2/mtkernel/kernel/tkernel/deviceio.o
                0x02005e88                knl_devmgr_cleanup
 .text.knl_initDevIO
                0x02005f04       0x94 ./mtk3_bsp2/mtkernel/kernel/tkernel/deviceio.o
                0x02005f04                knl_initDevIO
 .text.knl_finishDevIO
                0x02005f98       0x10 ./mtk3_bsp2/mtkernel/kernel/tkernel/deviceio.o
                0x02005f98                knl_finishDevIO
 .text.QueInit  0x02005fa8       0x20 ./mtk3_bsp2/mtkernel/kernel/tkernel/eventflag.o
 .text.isQueEmpty
                0x02005fc8       0x24 ./mtk3_bsp2/mtkernel/kernel/tkernel/eventflag.o
 .text.QueInsert
                0x02005fec       0x32 ./mtk3_bsp2/mtkernel/kernel/tkernel/eventflag.o
 .text.QueRemoveNext
                0x0200601e       0x3a ./mtk3_bsp2/mtkernel/kernel/tkernel/eventflag.o
 .text.knl_isTaskIndependent
                0x02006058       0x20 ./mtk3_bsp2/mtkernel/kernel/tkernel/eventflag.o
 .text.knl_eventflag_cond
                0x02006078       0x4a ./mtk3_bsp2/mtkernel/kernel/tkernel/eventflag.o
 *fill*         0x020060c2        0x2 ff
 .text.knl_eventflag_initialize
                0x020060c4       0x4c ./mtk3_bsp2/mtkernel/kernel/tkernel/eventflag.o
                0x020060c4                knl_eventflag_initialize
 .text.tk_cre_flg
                0x02006110       0xc0 ./mtk3_bsp2/mtkernel/kernel/tkernel/eventflag.o
                0x02006110                tk_cre_flg
 .text.tk_del_flg
                0x020061d0       0xa0 ./mtk3_bsp2/mtkernel/kernel/tkernel/eventflag.o
                0x020061d0                tk_del_flg
 .text.tk_set_flg
                0x02006270      0x110 ./mtk3_bsp2/mtkernel/kernel/tkernel/eventflag.o
                0x02006270                tk_set_flg
 .text.tk_clr_flg
                0x02006380       0x94 ./mtk3_bsp2/mtkernel/kernel/tkernel/eventflag.o
                0x02006380                tk_clr_flg
 .text.flg_chg_pri
                0x02006414       0x34 ./mtk3_bsp2/mtkernel/kernel/tkernel/eventflag.o
 .text.tk_wai_flg
                0x02006448      0x18c ./mtk3_bsp2/mtkernel/kernel/tkernel/eventflag.o
                0x02006448                tk_wai_flg
 .text.QueInit  0x020065d4       0x20 ./mtk3_bsp2/mtkernel/kernel/tkernel/mailbox.o
 .text.QueInsert
                0x020065f4       0x32 ./mtk3_bsp2/mtkernel/kernel/tkernel/mailbox.o
 *fill*         0x02006626        0x2 ff
 .text.knl_mailbox_initialize
                0x02006628       0x4c ./mtk3_bsp2/mtkernel/kernel/tkernel/mailbox.o
                0x02006628                knl_mailbox_initialize
 .text.QueInit  0x02006674       0x20 ./mtk3_bsp2/mtkernel/kernel/tkernel/memory.o
 .text.QueInsert
                0x02006694       0x32 ./mtk3_bsp2/mtkernel/kernel/tkernel/memory.o
 .text.QueRemove
                0x020066c6       0x32 ./mtk3_bsp2/mtkernel/kernel/tkernel/memory.o
 .text.knl_searchFreeArea
                0x020066f8       0x9e ./mtk3_bsp2/mtkernel/kernel/tkernel/memory.o
                0x020066f8                knl_searchFreeArea
 .text.knl_appendFreeArea
                0x02006796       0xae ./mtk3_bsp2/mtkernel/kernel/tkernel/memory.o
                0x02006796                knl_appendFreeArea
 .text.knl_removeFreeQue
                0x02006844       0x74 ./mtk3_bsp2/mtkernel/kernel/tkernel/memory.o
                0x02006844                knl_removeFreeQue
 .text.knl_insertAreaQue
                0x020068b8       0x3e ./mtk3_bsp2/mtkernel/kernel/tkernel/memory.o
                0x020068b8                knl_insertAreaQue
 .text.knl_removeAreaQue
                0x020068f6       0x3e ./mtk3_bsp2/mtkernel/kernel/tkernel/memory.o
                0x020068f6                knl_removeAreaQue
 .text.knl_Imalloc
                0x02006934       0xac ./mtk3_bsp2/mtkernel/kernel/tkernel/memory.o
                0x02006934                knl_Imalloc
 .text.knl_Ifree
                0x020069e0       0x8c ./mtk3_bsp2/mtkernel/kernel/tkernel/memory.o
                0x020069e0                knl_Ifree
 .text.initIMACB
                0x02006a6c       0x24 ./mtk3_bsp2/mtkernel/kernel/tkernel/memory.o
 .text.knl_init_Imalloc
                0x02006a90       0xcc ./mtk3_bsp2/mtkernel/kernel/tkernel/memory.o
                0x02006a90                knl_init_Imalloc
 .text.QueInit  0x02006b5c       0x20 ./mtk3_bsp2/mtkernel/kernel/tkernel/mempfix.o
 .text.QueInsert
                0x02006b7c       0x32 ./mtk3_bsp2/mtkernel/kernel/tkernel/mempfix.o
 .text.knl_InitOBJLOCK
                0x02006bae       0x1a ./mtk3_bsp2/mtkernel/kernel/tkernel/mempfix.o
 .text.knl_fix_memorypool_initialize
                0x02006bc8       0x54 ./mtk3_bsp2/mtkernel/kernel/tkernel/mempfix.o
                0x02006bc8                knl_fix_memorypool_initialize
 .text.QueInit  0x02006c1c       0x20 ./mtk3_bsp2/mtkernel/kernel/tkernel/mempool.o
 .text.QueInsert
                0x02006c3c       0x32 ./mtk3_bsp2/mtkernel/kernel/tkernel/mempool.o
 *fill*         0x02006c6e        0x2 ff
 .text.knl_memorypool_initialize
                0x02006c70       0x4c ./mtk3_bsp2/mtkernel/kernel/tkernel/mempool.o
                0x02006c70                knl_memorypool_initialize
 .text.QueInit  0x02006cbc       0x20 ./mtk3_bsp2/mtkernel/kernel/tkernel/messagebuf.o
 .text.QueInsert
                0x02006cdc       0x32 ./mtk3_bsp2/mtkernel/kernel/tkernel/messagebuf.o
 *fill*         0x02006d0e        0x2 ff
 .text.knl_messagebuffer_initialize
                0x02006d10       0x4c ./mtk3_bsp2/mtkernel/kernel/tkernel/messagebuf.o
                0x02006d10                knl_messagebuffer_initialize
 .text.QueInit  0x02006d5c       0x20 ./mtk3_bsp2/mtkernel/kernel/tkernel/mutex.o
 .text.QueInsert
                0x02006d7c       0x32 ./mtk3_bsp2/mtkernel/kernel/tkernel/mutex.o
 *fill*         0x02006dae        0x2 ff
 .text.knl_mutex_initialize
                0x02006db0       0x4c ./mtk3_bsp2/mtkernel/kernel/tkernel/mutex.o
                0x02006db0                knl_mutex_initialize
 .text.QueInit  0x02006dfc       0x20 ./mtk3_bsp2/mtkernel/kernel/tkernel/semaphore.o
 .text.QueInsert
                0x02006e1c       0x32 ./mtk3_bsp2/mtkernel/kernel/tkernel/semaphore.o
 .text.QueRemoveNext
                0x02006e4e       0x3a ./mtk3_bsp2/mtkernel/kernel/tkernel/semaphore.o
 .text.knl_isTaskIndependent
                0x02006e88       0x20 ./mtk3_bsp2/mtkernel/kernel/tkernel/semaphore.o
 .text.knl_semaphore_initialize
                0x02006ea8       0x4c ./mtk3_bsp2/mtkernel/kernel/tkernel/semaphore.o
                0x02006ea8                knl_semaphore_initialize
 .text.tk_cre_sem
                0x02006ef4       0xf4 ./mtk3_bsp2/mtkernel/kernel/tkernel/semaphore.o
                0x02006ef4                tk_cre_sem
 .text.tk_del_sem
                0x02006fe8       0xa0 ./mtk3_bsp2/mtkernel/kernel/tkernel/semaphore.o
                0x02006fe8                tk_del_sem
 .text.tk_sig_sem
                0x02007088      0x110 ./mtk3_bsp2/mtkernel/kernel/tkernel/semaphore.o
                0x02007088                tk_sig_sem
 .text.sem_chg_pri
                0x02007198       0x84 ./mtk3_bsp2/mtkernel/kernel/tkernel/semaphore.o
 .text.sem_rel_wai
                0x0200721c       0x1a ./mtk3_bsp2/mtkernel/kernel/tkernel/semaphore.o
 *fill*         0x02007236        0x2 ff
 .text.tk_wai_sem
                0x02007238      0x154 ./mtk3_bsp2/mtkernel/kernel/tkernel/semaphore.o
                0x02007238                tk_wai_sem
 .text.QueInit  0x0200738c       0x20 ./mtk3_bsp2/mtkernel/kernel/tkernel/task.o
 .text.isQueEmpty
                0x020073ac       0x24 ./mtk3_bsp2/mtkernel/kernel/tkernel/task.o
 .text.QueInsert
                0x020073d0       0x32 ./mtk3_bsp2/mtkernel/kernel/tkernel/task.o
 .text.QueRemove
                0x02007402       0x32 ./mtk3_bsp2/mtkernel/kernel/tkernel/task.o
 .text.knl_ready_queue_calc_top_priority
                0x02007434       0x38 ./mtk3_bsp2/mtkernel/kernel/tkernel/task.o
 .text.knl_ready_queue_initialize
                0x0200746c       0x58 ./mtk3_bsp2/mtkernel/kernel/tkernel/task.o
 .text.knl_ready_queue_top
                0x020074c4       0x32 ./mtk3_bsp2/mtkernel/kernel/tkernel/task.o
 .text.knl_ready_queue_insert
                0x020074f6       0x70 ./mtk3_bsp2/mtkernel/kernel/tkernel/task.o
 .text.knl_ready_queue_delete
                0x02007566       0xa8 ./mtk3_bsp2/mtkernel/kernel/tkernel/task.o
 .text.knl_setup_context
                0x0200760e       0x70 ./mtk3_bsp2/mtkernel/kernel/tkernel/task.o
 *fill*         0x0200767e        0x2 ff
 .text.knl_task_initialize
                0x02007680       0x84 ./mtk3_bsp2/mtkernel/kernel/tkernel/task.o
                0x02007680                knl_task_initialize
 .text.knl_make_dormant
                0x02007704       0x76 ./mtk3_bsp2/mtkernel/kernel/tkernel/task.o
                0x02007704                knl_make_dormant
 *fill*         0x0200777a        0x2 ff
 .text.knl_make_ready
                0x0200777c       0x34 ./mtk3_bsp2/mtkernel/kernel/tkernel/task.o
                0x0200777c                knl_make_ready
 .text.knl_make_non_ready
                0x020077b0       0x38 ./mtk3_bsp2/mtkernel/kernel/tkernel/task.o
                0x020077b0                knl_make_non_ready
 .text.QueRemoveNext
                0x020077e8       0x3a ./mtk3_bsp2/mtkernel/kernel/tkernel/task_manage.o
 *fill*         0x02007822        0x2 ff
 .text.knl_isTaskIndependent
                0x02007824       0x20 ./mtk3_bsp2/mtkernel/kernel/tkernel/task_manage.o
 .text.knl_setup_stacd
                0x02007844       0x2c ./mtk3_bsp2/mtkernel/kernel/tkernel/task_manage.o
 .text.tk_cre_tsk
                0x02007870      0x15c ./mtk3_bsp2/mtkernel/kernel/tkernel/task_manage.o
                0x02007870                tk_cre_tsk
 .text.tk_sta_tsk
                0x020079cc       0xe8 ./mtk3_bsp2/mtkernel/kernel/tkernel/task_manage.o
                0x020079cc                tk_sta_tsk
 .text.tk_get_tid
                0x02007ab4       0x24 ./mtk3_bsp2/mtkernel/kernel/tkernel/task_manage.o
                0x02007ab4                tk_get_tid
 .text.QueInit  0x02007ad8       0x20 ./mtk3_bsp2/mtkernel/kernel/tkernel/task_sync.o
 .text.knl_isTaskIndependent
                0x02007af8       0x20 ./mtk3_bsp2/mtkernel/kernel/tkernel/task_sync.o
 .text.knl_task_alive
                0x02007b18       0x26 ./mtk3_bsp2/mtkernel/kernel/tkernel/task_sync.o
 *fill*         0x02007b3e        0x2 ff
 .text.tk_slp_tsk
                0x02007b40       0xd8 ./mtk3_bsp2/mtkernel/kernel/tkernel/task_sync.o
                0x02007b40                tk_slp_tsk
 .text.tk_wup_tsk
                0x02007c18      0x120 ./mtk3_bsp2/mtkernel/kernel/tkernel/task_sync.o
                0x02007c18                tk_wup_tsk
 .text.QueInit  0x02007d38       0x20 ./mtk3_bsp2/mtkernel/kernel/tkernel/time_calls.o
 .text.QueInsert
                0x02007d58       0x32 ./mtk3_bsp2/mtkernel/kernel/tkernel/time_calls.o
 .text.QueRemove
                0x02007d8a       0x32 ./mtk3_bsp2/mtkernel/kernel/tkernel/time_calls.o
 .text.QueRemoveNext
                0x02007dbc       0x3a ./mtk3_bsp2/mtkernel/kernel/tkernel/time_calls.o
 .text.knl_abstim_reached
                0x02007df6       0x22 ./mtk3_bsp2/mtkernel/kernel/tkernel/time_calls.o
 .text.knl_timer_delete
                0x02007e18       0x18 ./mtk3_bsp2/mtkernel/kernel/tkernel/time_calls.o
 .text.knl_EnterTaskIndependent
                0x02007e30       0x1c ./mtk3_bsp2/mtkernel/kernel/tkernel/time_calls.o
 .text.knl_LeaveTaskIndependent
                0x02007e4c       0x1c ./mtk3_bsp2/mtkernel/kernel/tkernel/time_calls.o
 .text.knl_cyc_next_time
                0x02007e68       0x5c ./mtk3_bsp2/mtkernel/kernel/tkernel/time_calls.o
 .text.knl_cyc_timer_insert
                0x02007ec4       0x28 ./mtk3_bsp2/mtkernel/kernel/tkernel/time_calls.o
 .text.knl_cyclichandler_initialize
                0x02007eec       0x48 ./mtk3_bsp2/mtkernel/kernel/tkernel/time_calls.o
                0x02007eec                knl_cyclichandler_initialize
 .text.knl_call_cychdr
                0x02007f34       0x36 ./mtk3_bsp2/mtkernel/kernel/tkernel/time_calls.o
                0x02007f34                knl_call_cychdr
 .text.knl_immediate_call_cychdr
                0x02007f6a       0x34 ./mtk3_bsp2/mtkernel/kernel/tkernel/time_calls.o
 *fill*         0x02007f9e        0x2 ff
 .text.tk_cre_cyc
                0x02007fa0      0x134 ./mtk3_bsp2/mtkernel/kernel/tkernel/time_calls.o
                0x02007fa0                tk_cre_cyc
 .text.tk_sta_cyc
                0x020080d4      0x108 ./mtk3_bsp2/mtkernel/kernel/tkernel/time_calls.o
                0x020080d4                tk_sta_cyc
 .text.knl_alarmhandler_initialize
                0x020081dc       0x48 ./mtk3_bsp2/mtkernel/kernel/tkernel/time_calls.o
                0x020081dc                knl_alarmhandler_initialize
 .text.out_w    0x02008224       0x1c ./mtk3_bsp2/mtkernel/kernel/tkernel/timer.o
 .text.in_w     0x02008240       0x18 ./mtk3_bsp2/mtkernel/kernel/tkernel/timer.o
 .text.QueInit  0x02008258       0x20 ./mtk3_bsp2/mtkernel/kernel/tkernel/timer.o
 .text.isQueEmpty
                0x02008278       0x24 ./mtk3_bsp2/mtkernel/kernel/tkernel/timer.o
 .text.QueInsert
                0x0200829c       0x32 ./mtk3_bsp2/mtkernel/kernel/tkernel/timer.o
 .text.QueRemove
                0x020082ce       0x32 ./mtk3_bsp2/mtkernel/kernel/tkernel/timer.o
 .text.knl_abstim_reached
                0x02008300       0x22 ./mtk3_bsp2/mtkernel/kernel/tkernel/timer.o
 *fill*         0x02008322        0x2 ff
 .text.knl_start_hw_timer
                0x02008324       0x50 ./mtk3_bsp2/mtkernel/kernel/tkernel/timer.o
 .text.knl_clear_hw_timer_interrupt
                0x02008374       0x20 ./mtk3_bsp2/mtkernel/kernel/tkernel/timer.o
 .text.knl_end_of_hw_timer_interrupt
                0x02008394        0xe ./mtk3_bsp2/mtkernel/kernel/tkernel/timer.o
 *fill*         0x020083a2        0x2 ff
 .text.knl_terminate_hw_timer
                0x020083a4       0x14 ./mtk3_bsp2/mtkernel/kernel/tkernel/timer.o
 .text.knl_timer_startup
                0x020083b8       0x3c ./mtk3_bsp2/mtkernel/kernel/tkernel/timer.o
                0x020083b8                knl_timer_startup
 .text.knl_timer_shutdown
                0x020083f4        0xc ./mtk3_bsp2/mtkernel/kernel/tkernel/timer.o
                0x020083f4                knl_timer_shutdown
 .text.knl_enqueue_tmeb
                0x02008400       0x60 ./mtk3_bsp2/mtkernel/kernel/tkernel/timer.o
 .text.knl_timer_insert
                0x02008460       0x50 ./mtk3_bsp2/mtkernel/kernel/tkernel/timer.o
                0x02008460                knl_timer_insert
 .text.knl_timer_insert_abs
                0x020084b0       0x2e ./mtk3_bsp2/mtkernel/kernel/tkernel/timer.o
                0x020084b0                knl_timer_insert_abs
 *fill*         0x020084de        0x2 ff
 .text.knl_timer_handler
                0x020084e0       0xb8 ./mtk3_bsp2/mtkernel/kernel/tkernel/timer.o
                0x020084e0                knl_timer_handler
 .text.knl_init_object
                0x02008598       0xb0 ./mtk3_bsp2/mtkernel/kernel/tkernel/tkinit.o
                0x02008598                knl_init_object
 .text.isQueEmpty
                0x02008648       0x24 ./mtk3_bsp2/mtkernel/kernel/tkernel/wait.o
 .text.QueInsert
                0x0200866c       0x32 ./mtk3_bsp2/mtkernel/kernel/tkernel/wait.o
 .text.QueRemove
                0x0200869e       0x32 ./mtk3_bsp2/mtkernel/kernel/tkernel/wait.o
 .text.knl_timer_delete
                0x020086d0       0x18 ./mtk3_bsp2/mtkernel/kernel/tkernel/wait.o
 .text.knl_queue_insert_tpri
                0x020086e8       0x58 ./mtk3_bsp2/mtkernel/kernel/tkernel/wait.o
 .text.knl_make_non_wait
                0x02008740       0x2a ./mtk3_bsp2/mtkernel/kernel/tkernel/wait.o
 .text.knl_wait_release
                0x0200876a       0x28 ./mtk3_bsp2/mtkernel/kernel/tkernel/wait.o
 .text.knl_wait_release_ok
                0x02008792       0x1e ./mtk3_bsp2/mtkernel/kernel/tkernel/wait.o
                0x02008792                knl_wait_release_ok
 .text.knl_wait_release_tmout
                0x020087b0       0x32 ./mtk3_bsp2/mtkernel/kernel/tkernel/wait.o
                0x020087b0                knl_wait_release_tmout
 *fill*         0x020087e2        0x2 ff
 .text.knl_make_wait
                0x020087e4       0x64 ./mtk3_bsp2/mtkernel/kernel/tkernel/wait.o
                0x020087e4                knl_make_wait
 .text.knl_wait_delete
                0x02008848       0x36 ./mtk3_bsp2/mtkernel/kernel/tkernel/wait.o
                0x02008848                knl_wait_delete
 *fill*         0x0200887e        0x2 ff
 .text.knl_gcb_make_wait
                0x02008880       0x6c ./mtk3_bsp2/mtkernel/kernel/tkernel/wait.o
                0x02008880                knl_gcb_make_wait
 .text.knl_gcb_change_priority
                0x020088ec       0x24 ./mtk3_bsp2/mtkernel/kernel/tkernel/wait.o
                0x020088ec                knl_gcb_change_priority
 .text.knl_gcb_top_of_wait_queue
                0x02008910       0x50 ./mtk3_bsp2/mtkernel/kernel/tkernel/wait.o
                0x02008910                knl_gcb_top_of_wait_queue
 .text.knl_main
                0x02008960       0xd0 ./mtk3_bsp2/mtkernel/kernel/sysinit/sysinit.o
                0x02008960                knl_main
 .text.knl_tkernel_exit
                0x02008a30       0x10 ./mtk3_bsp2/mtkernel/kernel/sysinit/sysinit.o
                0x02008a30                knl_tkernel_exit
 .text.start_system
                0x02008a40       0x26 ./mtk3_bsp2/mtkernel/kernel/inittask/inittask.o
 *fill*         0x02008a66        0x2 ff
 .text.shutdown_system
                0x02008a68       0x34 ./mtk3_bsp2/mtkernel/kernel/inittask/inittask.o
 .text.init_task_main
                0x02008a9c       0x4c ./mtk3_bsp2/mtkernel/kernel/inittask/inittask.o
 .text.msdi_openfn
                0x02008ae8       0x44 ./mtk3_bsp2/mtkernel/device/common/drvif/msdrvif.o
 .text.msdi_closefn
                0x02008b2c       0x44 ./mtk3_bsp2/mtkernel/device/common/drvif/msdrvif.o
 .text.msdi_execfn
                0x02008b70       0x76 ./mtk3_bsp2/mtkernel/device/common/drvif/msdrvif.o
 .text.msdi_waitfn
                0x02008be6       0x1c ./mtk3_bsp2/mtkernel/device/common/drvif/msdrvif.o
 .text.msdi_abortfn
                0x02008c02       0x1c ./mtk3_bsp2/mtkernel/device/common/drvif/msdrvif.o
 .text.msdi_eventfn
                0x02008c1e       0x44 ./mtk3_bsp2/mtkernel/device/common/drvif/msdrvif.o
 *fill*         0x02008c62        0x2 ff
 .text.msdi_def_dev
                0x02008c64       0xf0 ./mtk3_bsp2/mtkernel/device/common/drvif/msdrvif.o
                0x02008c64                msdi_def_dev
 .text.out_h    0x02008d54       0x1e ./Application/app_main.o
 .text.in_h     0x02008d72       0x1a ./Application/app_main.o
 .text.cychdr_a
                0x02008d8c       0x20 ./Application/app_main.o
 .text.usermain
                0x02008dac       0xa8 ./Application/app_main.o
                0x02008dac                usermain
 .text.out_h    0x02008e54       0x1e ./Application/control_press.o
 .text.in_h     0x02008e72       0x1a ./Application/control_press.o
 .text.task_control_press
                0x02008e8c      0x1a0 ./Application/control_press.o
                0x02008e8c                task_control_press
 .text._task_control_press_init
                0x0200902c       0x24 ./Application/control_press.o
 .text._KeepDecompressionState
                0x02009050       0x2c ./Application/control_press.o
 .text._TransDecompressionStateCookingPot
                0x0200907c       0x2c ./Application/control_press.o
 .text._TransDecompressionStateVacuumBox
                0x020090a8       0x2c ./Application/control_press.o
 .text._TransPressureReleaseState
                0x020090d4       0x2c ./Application/control_press.o
 .text.out_h    0x02009100       0x1e ./Application/control_temp.o
 .text.in_h     0x0200911e       0x1a ./Application/control_temp.o
 .text.task_control_temp
                0x02009138      0x114 ./Application/control_temp.o
                0x02009138                task_control_temp
 .text.__task_control_temp_init
                0x0200924c       0x24 ./Application/control_temp.o
 .text.task_exec
                0x02009270       0xc4 ./Application/exec.o
                0x02009270                task_exec
 .text._task_exec_init
                0x02009334       0x24 ./Application/exec.o
 .text.task_measure
                0x02009358      0x100 ./Application/measure.o
                0x02009358                task_measure
 .text.__task_measure_init
                0x02009458        0xe ./Application/measure.o
 .text.out_h    0x02009466       0x1e ./Application/super.o
 .text.in_h     0x02009484       0x1a ./Application/super.o
 *fill*         0x0200949e        0x2 ff
 .text.task_super
                0x020094a0      0x12c ./Application/super.o
                0x020094a0                task_super
 .text.__task_super_init
                0x020095cc       0x88 ./Application/super.o
 .text.memset   0x02009654       0x10 C:/Renesas/RA/e2studio_v2024-01.1_fsp_v5.2.0/toolchains/gcc_arm/13.2.rel1/bin/../lib/gcc/arm-none-eabi/13.2.1/thumb/v8-m.main+dp/hard\libg_nano.a(libc_a-memset.o)
                0x02009654                memset
 .text.memcpy   0x02009664       0x1a C:/Renesas/RA/e2studio_v2024-01.1_fsp_v5.2.0/toolchains/gcc_arm/13.2.rel1/bin/../lib/gcc/arm-none-eabi/13.2.1/thumb/v8-m.main+dp/hard\libg_nano.a(libc_a-memcpy-stub.o)
                0x02009664                memcpy
 *(.version)
 *fill*         0x0200967e        0x2 ff
 .version       0x02009680       0x50 ./ra/fsp/src/bsp/mcu/all/bsp_common.o
 *(.init)
 .init          0x020096d0        0x4 C:/Renesas/RA/e2studio_v2024-01.1_fsp_v5.2.0/toolchains/gcc_arm/13.2.rel1/bin/../lib/gcc/arm-none-eabi/13.2.1/thumb/v8-m.main+dp/hard/crti.o
                0x020096d0                _init
 .init          0x020096d4        0x8 C:/Renesas/RA/e2studio_v2024-01.1_fsp_v5.2.0/toolchains/gcc_arm/13.2.rel1/bin/../lib/gcc/arm-none-eabi/13.2.1/thumb/v8-m.main+dp/hard/crtn.o
 *(.fini)
 .fini          0x020096dc        0x4 C:/Renesas/RA/e2studio_v2024-01.1_fsp_v5.2.0/toolchains/gcc_arm/13.2.rel1/bin/../lib/gcc/arm-none-eabi/13.2.1/thumb/v8-m.main+dp/hard/crti.o
                0x020096dc                _fini
 .fini          0x020096e0        0x8 C:/Renesas/RA/e2studio_v2024-01.1_fsp_v5.2.0/toolchains/gcc_arm/13.2.rel1/bin/../lib/gcc/arm-none-eabi/13.2.1/thumb/v8-m.main+dp/hard/crtn.o
 *crtbegin.o(.ctors)
 *crtbegin?.o(.ctors)
 *(EXCLUDE_FILE(*crtend.o *crtend?.o) .ctors)
 *(SORT_BY_NAME(.ctors.*))
 *(.ctors)
 *crtbegin.o(.dtors)
 *crtbegin?.o(.dtors)
 *(EXCLUDE_FILE(*crtend.o *crtend?.o) .dtors)
 *(SORT_BY_NAME(.dtors.*))
 *(.dtors)
 *(.rodata*)
 .rodata.g_i3c0_cfg_extend
                0x020096e8       0x40 ./ra_gen/hal_data.o
                0x020096e8                g_i3c0_cfg_extend
 .rodata.g_i3c0_cfg
                0x02009728       0x14 ./ra_gen/hal_data.o
                0x02009728                g_i3c0_cfg
 .rodata.g_adc0_cfg_extend
                0x0200973c        0xa ./ra_gen/hal_data.o
                0x0200973c                g_adc0_cfg_extend
 *fill*         0x02009746        0x2 ff
 .rodata.g_adc0_cfg
                0x02009748       0x18 ./ra_gen/hal_data.o
                0x02009748                g_adc0_cfg
 .rodata.g_adc0_channel_cfg
                0x02009760       0x14 ./ra_gen/hal_data.o
                0x02009760                g_adc0_channel_cfg
 .rodata.g_bsp_pin_cfg_data
                0x02009774      0x248 ./ra_gen/pin_data.o
                0x02009774                g_bsp_pin_cfg_data
 .rodata.g_bsp_pin_cfg
                0x020099bc        0xc ./ra_gen/pin_data.o
                0x020099bc                g_bsp_pin_cfg
 .rodata.g_interrupt_event_link_select
                0x020099c8       0xc0 ./ra_gen/vector_data.o
                0x020099c8                g_interrupt_event_link_select
 .rodata.g_vbatt_pins_input
                0x02009a88        0x6 ./ra/fsp/src/r_ioport/r_ioport.o
 *fill*         0x02009a8e        0x2 ff
 .rodata.adc_elc_trigger_lut
                0x02009a90        0xc ./ra/fsp/src/r_adc/r_adc.o
 .rodata.g_prcr_masks
                0x02009a9c        0x8 ./ra/fsp/src/bsp/mcu/all/bsp_register_protection.o
 .rodata        0x02009aa4        0x6 ./mtk3_bsp2/sysdepend/ra_fsp/device/hal_i3c_i2c/hal_i3c_i2c.o
 *fill*         0x02009aaa        0x2 ff
 .rodata        0x02009aac        0x5 ./mtk3_bsp2/sysdepend/ra_fsp/device/hal_adc/hal_adc.o
 *fill*         0x02009ab1        0x3 ff
 .rodata        0x02009ab4       0xca ./mtk3_bsp2/sysdepend/ra_fsp/cpu/core/armv8m/exc_hdr.o
 *fill*         0x02009b7e        0x2 ff
 .rodata        0x02009b80       0x53 ./mtk3_bsp2/sysdepend/ra_fsp/hw_setting.o
 .rodata.CR.0   0x02009bd3        0x1 ./mtk3_bsp2/mtkernel/lib/libtm/libtm.o
 .rodata        0x02009bd4        0xe ./mtk3_bsp2/mtkernel/lib/libtm/libtm_printf.o
 *fill*         0x02009be2        0x2 ff
 .rodata.digits.0
                0x02009be4       0x20 ./mtk3_bsp2/mtkernel/lib/libtm/libtm_printf.o
 .rodata        0x02009c04        0x5 ./mtk3_bsp2/mtkernel/lib/libtk/fastlock.o
 *fill*         0x02009c09        0x3 ff
 .rodata        0x02009c0c        0x5 ./mtk3_bsp2/mtkernel/lib/libtk/fastmlock.o
 *fill*         0x02009c11        0x3 ff
 .rodata        0x02009c14        0x5 ./mtk3_bsp2/mtkernel/kernel/tkernel/device.o
 *fill*         0x02009c19        0x3 ff
 .rodata.knl_pk_csem_DM
                0x02009c1c       0x10 ./mtk3_bsp2/mtkernel/kernel/tkernel/deviceio.o
 .rodata.knl_wspec_flg_tfifo
                0x02009c2c        0xc ./mtk3_bsp2/mtkernel/kernel/tkernel/eventflag.o
 .rodata.knl_wspec_flg_tpri
                0x02009c38        0xc ./mtk3_bsp2/mtkernel/kernel/tkernel/eventflag.o
 .rodata.knl_wspec_sem_tfifo
                0x02009c44        0xc ./mtk3_bsp2/mtkernel/kernel/tkernel/semaphore.o
 .rodata.knl_wspec_sem_tpri
                0x02009c50        0xc ./mtk3_bsp2/mtkernel/kernel/tkernel/semaphore.o
 .rodata.knl_wspec_slp
                0x02009c5c        0xc ./mtk3_bsp2/mtkernel/kernel/tkernel/task_sync.o
 .rodata        0x02009c68       0xd8 ./mtk3_bsp2/mtkernel/kernel/sysinit/sysinit.o
 .rodata.knl_init_ctsk
                0x02009d40       0x18 ./mtk3_bsp2/mtkernel/kernel/inittask/inittask.o
                0x02009d40                knl_init_ctsk
 .rodata        0x02009d58       0x55 ./mtk3_bsp2/mtkernel/kernel/inittask/inittask.o
 *fill*         0x02009dad        0x3 ff
 .rodata        0x02009db0       0x1a ./Application/app_main.o
 *fill*         0x02009dca        0x2 ff
 .rodata        0x02009dcc       0x42 ./Application/control_temp.o
 *fill*         0x02009e0e        0x2 ff
 .rodata.g_CookingRecipes
                0x02009e10       0x14 ./Application/data.o
                0x02009e10                g_CookingRecipes
 .rodata        0x02009e24       0x4d ./Application/measure.o
                0x02009e71                        __usb_dev_descriptor_start_fs = .
 *(.usb_device_desc_fs*)
                0x02009e71                        __usb_cfg_descriptor_start_fs = .
 *(.usb_config_desc_fs*)
                0x02009e71                        __usb_interface_descriptor_start_fs = .
 *(.usb_interface_desc_fs*)
                0x02009e71                        __usb_descriptor_end_fs = .
                0x02009e71                        __usb_dev_descriptor_start_hs = .
 *(.usb_device_desc_hs*)
                0x02009e71                        __usb_cfg_descriptor_start_hs = .
 *(.usb_config_desc_hs*)
                0x02009e71                        __usb_interface_descriptor_start_hs = .
 *(.usb_interface_desc_hs*)
                0x02009e71                        __usb_descriptor_end_hs = .
 *(.eh_frame*)
 *fill*         0x02009e71        0x3 ff
 .eh_frame      0x02009e74        0x0 C:/Renesas/RA/e2studio_v2024-01.1_fsp_v5.2.0/toolchains/gcc_arm/13.2.rel1/bin/../lib/gcc/arm-none-eabi/13.2.1/thumb/v8-m.main+dp/hard/crtbegin.o
 .eh_frame      0x02009e74        0x4 C:/Renesas/RA/e2studio_v2024-01.1_fsp_v5.2.0/toolchains/gcc_arm/13.2.rel1/bin/../lib/gcc/arm-none-eabi/13.2.1/thumb/v8-m.main+dp/hard/crtend.o
                0x02009e78                        __ROM_End = .
                0x000001c0                        __Vectors_Size = (__Vectors_End - __Vectors)

.glue_7         0x02009e78        0x0
 .glue_7        0x02009e78        0x0 linker stubs

.glue_7t        0x02009e78        0x0
 .glue_7t       0x02009e78        0x0 linker stubs

.vfp11_veneer   0x02009e78        0x0
 .vfp11_veneer  0x02009e78        0x0 linker stubs

.v4_bx          0x02009e78        0x0
 .v4_bx         0x02009e78        0x0 linker stubs

.iplt           0x02009e78        0x0
 .iplt          0x02009e78        0x0 C:/Renesas/RA/e2studio_v2024-01.1_fsp_v5.2.0/toolchains/gcc_arm/13.2.rel1/bin/../lib/gcc/arm-none-eabi/13.2.1/thumb/v8-m.main+dp/hard/crtbegin.o
                0x02009e78                        . = .
                0x02009e78                        __itcm_data_pre_location = .

.itcm_data      0x00000000        0x0 load address 0x02009e80
                0x00000000                        __tz_ITCM_S = ABSOLUTE (ITCM_START)
                0x00000000                        __itcm_data_start = .
 *(.itcm_data*)
                0x00000000                        . = ALIGN (0x8)
                0x00000000                        __itcm_data_end = .
                0x00000000                        __tz_ITCM_N = DEFINED (ITCM_NS_START)?ABSOLUTE (ITCM_NS_START):ALIGN (__itcm_data_end, 0x2000)
                0x02009e80                        __itcm_data_init_start = LOADADDR (.itcm_data)
                0x02009e80                        __itcm_data_init_end = (LOADADDR (.itcm_data) + SIZEOF (.itcm_data))
                0x00000001                        ASSERT (((ORIGIN (ITCM) % 0x8) == 0x0), ITCM memory region origin must be aligned to 8 bytes.)
                0x00000001                        ASSERT (((LENGTH (ITCM) % 0x8) == 0x0), ITCM memory region length must be a multiple of 8 bytes.)
                0x00000001                        ASSERT (((LOADADDR (.itcm_data) % 0x10) == 0x0), .itcm_data section must be aligned to 16 bytes.)
                0x00000001                        ASSERT (((SIZEOF (.itcm_data) % 0x8) == 0x0), .itcm_data section size must be a multiple of 8 bytes.)
                0x02009e78                        . = (SIZEOF (.itcm_data) > 0x0)?__itcm_data_init_end:__itcm_data_pre_location
                0x02009e78                        __exidx_start = .

/DISCARD/
 *(.ARM.extab* .gnu.linkonce.armextab.*)
 *(.ARM.exidx* .gnu.linkonce.armexidx.*)
                0x02009e78                        __exidx_end = .
                0x02009e78                        __etext = .
                0x22000000                        __tz_RAM_S = ORIGIN (RAM)

.fsp_dtc_vector_table
                0x22000000        0x0
                0x22000000                        . = ORIGIN (RAM)
 *(.fsp_dtc_vector_table)

.data           0x22000000       0xac load address 0x02009e78
                0x22000000                        __data_start__ = .
                0x22000000                        . = ALIGN (0x4)
                0x22000000                        __Code_In_RAM_Start = .
 *(.code_in_ram*)
                0x22000000                        __Code_In_RAM_End = .
 *(vtable)
 *(.data.*)
 .data.id_flg   0x22000000        0xc ./mtk3_bsp2/sysdepend/ra_fsp/device/hal_i3c_i2c/hal_i3c_i2c.o
 .data.id_flg   0x2200000c        0xc ./mtk3_bsp2/sysdepend/ra_fsp/device/hal_adc/hal_adc.o
 .data.ccyc_a   0x22000018       0x14 ./Application/app_main.o
 .data.ctsk_super
                0x2200002c       0x18 ./Application/app_main.o
                0x2200002c                ctsk_super
 .data.ctsk_measure
                0x22000044       0x18 ./Application/super.o
                0x22000044                ctsk_measure
 .data.ctsk_control_press
                0x2200005c       0x18 ./Application/super.o
                0x2200005c                ctsk_control_press
 .data.ctsk_control_temp
                0x22000074       0x18 ./Application/super.o
                0x22000074                ctsk_control_temp
 .data.ctsk_exec
                0x2200008c       0x18 ./Application/super.o
                0x2200008c                ctsk_exec
 *(.data)
                0x220000a4                        . = ALIGN (0x4)
                0x220000a4                        PROVIDE (__preinit_array_start = .)
 *(.preinit_array)
                0x220000a4                        PROVIDE (__preinit_array_end = .)
                0x220000a4                        . = ALIGN (0x4)
                0x220000a4                        PROVIDE (__init_array_start = .)
 *(SORT_BY_NAME(.init_array.*))
 *(.init_array)
 .init_array    0x220000a4        0x4 C:/Renesas/RA/e2studio_v2024-01.1_fsp_v5.2.0/toolchains/gcc_arm/13.2.rel1/bin/../lib/gcc/arm-none-eabi/13.2.1/thumb/v8-m.main+dp/hard/crtbegin.o
                0x220000a8                        PROVIDE (__init_array_end = .)
                0x220000a8                        . = ALIGN (0x4)
                [!provide]                        PROVIDE (__fini_array_start = .)
 *(SORT_BY_NAME(.fini_array.*))
 *(.fini_array)
 .fini_array    0x220000a8        0x4 C:/Renesas/RA/e2studio_v2024-01.1_fsp_v5.2.0/toolchains/gcc_arm/13.2.rel1/bin/../lib/gcc/arm-none-eabi/13.2.1/thumb/v8-m.main+dp/hard/crtbegin.o
                [!provide]                        PROVIDE (__fini_array_end = .)
 *(.jcr*)
                0x220000ac                        . = ALIGN (0x4)
                0x220000ac                        __data_end__ = .

.tm_clone_table
                0x220000ac        0x0 load address 0x02009f24
 .tm_clone_table
                0x220000ac        0x0 C:/Renesas/RA/e2studio_v2024-01.1_fsp_v5.2.0/toolchains/gcc_arm/13.2.rel1/bin/../lib/gcc/arm-none-eabi/13.2.1/thumb/v8-m.main+dp/hard/crtbegin.o
 .tm_clone_table
                0x220000ac        0x0 C:/Renesas/RA/e2studio_v2024-01.1_fsp_v5.2.0/toolchains/gcc_arm/13.2.rel1/bin/../lib/gcc/arm-none-eabi/13.2.1/thumb/v8-m.main+dp/hard/crtend.o

.igot.plt       0x220000ac        0x0 load address 0x02009f24
 .igot.plt      0x220000ac        0x0 C:/Renesas/RA/e2studio_v2024-01.1_fsp_v5.2.0/toolchains/gcc_arm/13.2.rel1/bin/../lib/gcc/arm-none-eabi/13.2.1/thumb/v8-m.main+dp/hard/crtbegin.o

.mtk_exctbl     0x22000100      0x700 load address 0x02009f24
 .mtk_exctbl    0x22000100      0x700 ./mtk3_bsp2/sysdepend/ra_fsp/cpu/core/armv8m/sys_start.o
                0x22000100                knl_exctbl
                0x22000800                        . = .
                0x02009f24                        __dtcm_data_pre_location = (LOADADDR (.data) + SIZEOF (.data))

.dtcm_data      0x20000000        0x0 load address 0x0200a630
                0x20000000                        __tz_DTCM_S = ABSOLUTE (DTCM_START)
                0x20000000                        __dtcm_data_start = .
 *(.dtcm_data*)
                0x20000000                        . = ALIGN (0x8)
                0x20000000                        __dtcm_data_end = .
                0x20000000                        . = __dtcm_data_end

.dtcm_bss       0x20000000        0x0
                0x20000000                        __dtcm_bss_start = .
 *(.dtcm_bss*)
                0x20000000                        . = ALIGN (0x8)
                0x20000000                        __dtcm_bss_end = .
                0x20000000                        __tz_DTCM_N = DEFINED (DTCM_NS_START)?ABSOLUTE (DTCM_NS_START):ALIGN (__dtcm_bss_end, 0x2000)
                0x0200a630                        __dtcm_data_init_start = LOADADDR (.dtcm_data)
                0x0200a630                        __dtcm_data_init_end = (LOADADDR (.dtcm_data) + SIZEOF (.dtcm_data))
                0x00000001                        ASSERT (((ORIGIN (DTCM) % 0x8) == 0x0), DTCM memory region origin must be aligned to 8 bytes.)
                0x00000001                        ASSERT (((LENGTH (DTCM) % 0x8) == 0x0), DTCM memory region length must be a multiple of 8 bytes.)
                0x00000001                        ASSERT ((LOADADDR (.dtcm_bss) == ADDR (.dtcm_bss)), .dtcm_bss has (VMA != LMA) but should be NOLOAD (VMA == LMA).)
                0x00000001                        ASSERT (((LOADADDR (.dtcm_data) % 0x10) == 0x0), .dtcm_data section must be aligned to 16 bytes.)
                0x00000001                        ASSERT (((SIZEOF (.dtcm_data) % 0x8) == 0x0), .dtcm_data section size must be a multiple of 8 bytes.)
                0x00000001                        ASSERT (((LOADADDR (.dtcm_bss) % 0x8) == 0x0), .dtcm_bss section must be aligned to 8 bytes.)
                0x00000001                        ASSERT (((SIZEOF (.dtcm_bss) % 0x8) == 0x0), .dtcm_bss section size must be a multiple of 8 bytes.)
                0x00000001                        ASSERT ((__dtcm_bss_start == __dtcm_data_end), .dtcm_bss section is not adjacent to .dtcm_data section.)
                0x02009f24                        . = (SIZEOF (.dtcm_data) > 0x0)?__dtcm_data_init_end:__dtcm_data_pre_location
                0x02009f24                        sgstubs_pre_location = .
                0x0200a000                        SGSTUBS_LOC = (DEFINED (PROJECT_SECURE) && DEFINED (FLASH_NSC_START))?ABSOLUTE (FLASH_NSC_START):ALIGN (0x400)

.gnu.sgstubs    0x0200a000        0x0
                0x0200a000                        __FLASH_NSC_START = DEFINED (FLASH_NSC_START)?ABSOLUTE (FLASH_NSC_START):__RESERVE_NS_RAM?ABSOLUTE ((FLASH_START + FLASH_LENGTH)):ALIGN (0x400)
                0x0200a000                        _start_sg = .
 *(.gnu.sgstubs*)
                0x0200a000                        . = ALIGN (0x20)
                0x0200a000                        _end_sg = .
                0x02010000                        __tz_FLASH_N = DEFINED (FLASH_NS_START)?ABSOLUTE (FLASH_NS_START):__RESERVE_NS_RAM?ABSOLUTE ((FLASH_START + FLASH_LENGTH)):(FLASH_LENGTH < 0x8000)?FLASH_LENGTH:ALIGN (0x8000)
                0x02010000                        FLASH_NS_IMAGE_START = DEFINED (FLASH_NS_IMAGE_START)?FLASH_NS_IMAGE_START:__tz_FLASH_N
                0x60000000                        __tz_QSPI_FLASH_S = ORIGIN (QSPI_FLASH)

.qspi_flash     0x60000000        0x0